#0 building with "desktop-linux" instance using docker driver

#1 [internal] load build definition from Dockerfile
#1 transferring dockerfile: 1.06kB done
#1 DONE 0.0s

#2 [internal] load metadata for docker.io/library/swift:6.2-jammy
#2 DONE 0.1s

#3 [internal] load metadata for docker.io/library/swift:6.2-jammy-slim
#3 ...

#4 [auth] library/swift:pull token for registry-1.docker.io
#4 DONE 0.0s

#3 [internal] load metadata for docker.io/library/swift:6.2-jammy-slim
#3 DONE 1.1s

#5 [internal] load .dockerignore
#5 transferring context: 161B done
#5 DONE 0.0s

#6 [stage-1 1/5] FROM docker.io/library/swift:6.2-jammy-slim@sha256:e1302155d4dfac2ce81623022b7793df0c154b3e98cd527174c3a61f06413f03
#6 resolve docker.io/library/swift:6.2-jammy-slim@sha256:e1302155d4dfac2ce81623022b7793df0c154b3e98cd527174c3a61f06413f03 done
#6 DONE 0.0s

#7 [build 1/7] FROM docker.io/library/swift:6.2-jammy@sha256:af60747ab483a0dbaa6362202c7bb08efec27bc69324e942f2bc8296f2d2d3f9
#7 resolve docker.io/library/swift:6.2-jammy@sha256:af60747ab483a0dbaa6362202c7bb08efec27bc69324e942f2bc8296f2d2d3f9 done
#7 DONE 0.0s

#8 [internal] load build context
#8 transferring context: 894.42kB 0.5s done
#8 DONE 0.5s

#9 [build 2/7] WORKDIR /build
#9 CACHED

#10 [build 3/7] COPY . .
#10 DONE 2.2s

#11 [build 4/7] WORKDIR /build/AetherAG
#11 DONE 0.0s

#12 [build 5/7] RUN git config --global http.lowSpeedLimit 0 &&     git config --global http.lowSpeedTime 999999 &&     git config --global http.postBuffer 524288000
#12 DONE 0.1s

#13 [build 6/7] RUN --mount=type=cache,target=/root/.cache/org.swift.swiftpm     --mount=type=cache,target=/build/AetherAG/.build     for i in 1 2 3; do         swift package resolve && break || { echo "Resolve attempt $i failed, retrying in 10s..."; sleep 10; };     done
#13 0.517 Fetching https://github.com/swift-extras/swift-extras-json
#13 0.517 Fetching https://github.com/vapor-community/sendgrid.git
#13 0.517 Fetching https://github.com/apple/swift-nio-extras.git
#13 0.517 Fetching https://github.com/apple/swift-numerics.git
#13 0.517 Fetching https://github.com/apple/swift-asn1.git
#13 0.517 Fetching https://github.com/apple/swift-collections.git
#13 0.517 Fetching https://github.com/swift-server/async-http-client
#13 1.253 [1/1983] Fetching swift-asn1
#13 1.374 [101/3077] Fetching swift-asn1, swift-extras-json
#13 1.634 [1443/9713] Fetching swift-asn1, swift-extras-json, swift-numerics
#13 1.866 [3504/16403] Fetching swift-asn1, swift-extras-json, swift-numerics, swift-nio-extras
#13 2.566 [7006/17482] Fetching swift-asn1, swift-extras-json, swift-numerics, swift-nio-extras, sendgrid
#13 2.661 [7160/44802] Fetching swift-asn1, swift-extras-json, swift-numerics, swift-nio-extras, sendgrid, swift-collections
#13 2.863 [7228/60999] Fetching swift-asn1, swift-extras-json, swift-numerics, swift-nio-extras, sendgrid, swift-collections, async-http-client
#13 16.06 Fetched https://github.com/swift-extras/swift-extras-json from cache (15.55s)
#13 16.06 Fetching https://github.com/apple/swift-http-structured-headers.git
#13 16.06 Fetched https://github.com/apple/swift-asn1.git from cache (15.55s)
#13 16.07 Fetched https://github.com/apple/swift-nio-extras.git from cache (15.55s)
#13 16.07 Fetching https://github.com/apple/swift-system.git
#13 16.07 Fetching https://github.com/bitmark-inc/tweetnacl-swiftwrap
#13 16.07 [19754/51232] Fetching swift-numerics, sendgrid, swift-collections, async-http-client
#13 16.60 [20687/52485] Fetching swift-numerics, sendgrid, swift-collections, async-http-client, swift-http-structured-headers
#13 16.62 [20862/52906] Fetching swift-numerics, sendgrid, swift-collections, async-http-client, swift-http-structured-headers, tweetnacl-swiftwrap
#13 17.03 [21511/59804] Fetching swift-numerics, sendgrid, swift-collections, async-http-client, swift-http-structured-headers, tweetnacl-swiftwrap, swift-system
#13 27.00 Fetched https://github.com/apple/swift-http-structured-headers.git from cache (10.94s)
#13 27.00 Fetching https://github.com/vapor/fluent-kit.git
#13 27.04 [32101/58551] Fetching swift-numerics, sendgrid, swift-collections, async-http-client, tweetnacl-swiftwrap, swift-system
#13 27.58 Fetched https://github.com/apple/swift-numerics.git from cache (27.07s)
#13 27.59 Fetching https://github.com/vapor/async-kit.git
#13 27.59 Fetched https://github.com/swift-server/async-http-client from cache (27.07s)
#13 27.59 Fetching https://github.com/vapor/redis.git
#13 27.84 [9763/35718] Fetching sendgrid, swift-collections, tweetnacl-swiftwrap, swift-system
#13 28.02 [9764/49686] Fetching sendgrid, swift-collections, tweetnacl-swiftwrap, swift-system, fluent-kit
#13 28.88 [10251/52200] Fetching sendgrid, swift-collections, tweetnacl-swiftwrap, swift-system, fluent-kit, async-kit
#13 29.25 [11013/56025] Fetching sendgrid, swift-collections, tweetnacl-swiftwrap, swift-system, fluent-kit, async-kit, redis
#13 30.86 Fetched https://github.com/vapor/async-kit.git from cache (3.28s)
#13 30.86 Fetching https://github.com/apple/swift-http-types.git
#13 30.89 [11148/53511] Fetching sendgrid, swift-collections, tweetnacl-swiftwrap, swift-system, fluent-kit, redis
#13 31.35 [11572/55446] Fetching sendgrid, swift-collections, tweetnacl-swiftwrap, swift-system, fluent-kit, redis, swift-http-types
#13 32.99 Fetched https://github.com/apple/swift-http-types.git from cache (2.12s)
#13 32.99 Fetching https://github.com/swift-server/RediStack.git
#13 32.99 [12512/53511] Fetching sendgrid, swift-collections, tweetnacl-swiftwrap, swift-system, fluent-kit, redis
#13 33.68 [13345/58314] Fetching sendgrid, swift-collections, tweetnacl-swiftwrap, swift-system, fluent-kit, redis, redistack
#13 41.16 Fetched https://github.com/vapor/redis.git from cache (13.57s)
#13 41.16 Fetching https://github.com/apple/swift-service-context.git
#13 41.25 [19603/54489] Fetching sendgrid, swift-collections, tweetnacl-swiftwrap, swift-system, fluent-kit, redistack
#13 42.30 [21028/55853] Fetching sendgrid, swift-collections, tweetnacl-swiftwrap, swift-system, fluent-kit, redistack, swift-service-context
#13 44.66 Fetched https://github.com/swift-server/RediStack.git from cache (11.67s)
#13 44.66 Fetching https://github.com/vapor/multipart-kit.git
#13 44.66 [20028/51050] Fetching sendgrid, swift-collections, tweetnacl-swiftwrap, swift-system, fluent-kit, swift-service-context
#13 45.30 Fetched https://github.com/apple/swift-service-context.git from cache (4.15s)
#13 45.30 Fetching https://github.com/vapor/postgres-kit.git
#13 45.34 [19593/49686] Fetching sendgrid, swift-collections, tweetnacl-swiftwrap, swift-system, fluent-kit
#13 45.35 [19594/55964] Fetching sendgrid, swift-collections, tweetnacl-swiftwrap, swift-system, fluent-kit, multipart-kit
#13 46.06 [20768/61483] Fetching sendgrid, swift-collections, tweetnacl-swiftwrap, swift-system, fluent-kit, multipart-kit, postgres-kit
#13 48.36 Fetched https://github.com/apple/swift-system.git from cache (32.30s)
#13 48.37 Fetching https://github.com/apple/swift-atomics.git
#13 48.37 [16989/54585] Fetching sendgrid, swift-collections, tweetnacl-swiftwrap, fluent-kit, multipart-kit, postgres-kit
#13 49.24 [18134/56460] Fetching sendgrid, swift-collections, tweetnacl-swiftwrap, fluent-kit, multipart-kit, postgres-kit, swift-atomics
#13 51.49 Fetched https://github.com/bitmark-inc/tweetnacl-swiftwrap from cache (35.42s)
#13 51.49 Fetching https://github.com/vapor-community/sendgrid-kit.git
#13 51.58 [21052/56039] Fetching sendgrid, swift-collections, fluent-kit, multipart-kit, postgres-kit, swift-atomics
#13 52.16 [21786/56728] Fetching sendgrid, swift-collections, fluent-kit, multipart-kit, postgres-kit, swift-atomics, sendgrid-kit
#13 54.11 Fetched https://github.com/vapor-community/sendgrid-kit.git from cache (2.63s)
#13 54.11 Fetching https://github.com/vapor/vapor.git
#13 54.15 [23993/56039] Fetching sendgrid, swift-collections, fluent-kit, multipart-kit, postgres-kit, swift-atomics
#13 55.67 Fetched https://github.com/apple/swift-atomics.git from cache (7.31s)
#13 55.67 Fetching https://github.com/vapor/queues.git
#13 55.84 [24734/54164] Fetching sendgrid, swift-collections, fluent-kit, multipart-kit, postgres-kit
#13 56.57 [25980/57591] Fetching sendgrid, swift-collections, fluent-kit, multipart-kit, postgres-kit, queues
#13 59.01 [31358/138987] Fetching sendgrid, swift-collections, fluent-kit, multipart-kit, postgres-kit, queues, vapor
#13 59.58 Fetched https://github.com/vapor/queues.git from cache (3.90s)
#13 59.58 Fetching https://github.com/vapor/apns.git
#13 59.68 [28841/135560] Fetching sendgrid, swift-collections, fluent-kit, multipart-kit, postgres-kit, vapor
#13 60.12 [29183/136359] Fetching sendgrid, swift-collections, fluent-kit, multipart-kit, postgres-kit, vapor, apns
#13 61.96 Fetched https://github.com/vapor/apns.git from cache (2.38s)
#13 61.96 Fetching https://github.com/attaswift/BigInt.git
#13 62.02 [31038/135560] Fetching sendgrid, swift-collections, fluent-kit, multipart-kit, postgres-kit, vapor
#13 62.47 Fetched https://github.com/vapor/postgres-kit.git from cache (17.17s)
#13 62.48 Fetching https://github.com/13Ophiuchus/flow-swift-macos.git
#13 62.51 [26034/134980] Fetching sendgrid, swift-collections, fluent-kit, multipart-kit, vapor, bigint
#13 63.28 [27018/138862] Fetching sendgrid, swift-collections, fluent-kit, multipart-kit, vapor, bigint, flow-swift-macos
#13 76.54 Fetched https://github.com/vapor/fluent-kit.git from cache (49.53s)
#13 76.54 Fetching https://github.com/apple/swift-nio-http2.git
#13 76.54 [22191/124894] Fetching sendgrid, swift-collections, multipart-kit, vapor, bigint, flow-swift-macos
#13 77.46 [22922/137146] Fetching sendgrid, swift-collections, multipart-kit, vapor, bigint, flow-swift-macos, swift-nio-http2
#13 115.7 Fetched https://github.com/apple/swift-nio-http2.git from cache (39.17s)
#13 115.7 Fetching https://github.com/vapor/fluent-postgres-driver.git
#13 115.8 [33707/124894] Fetching sendgrid, swift-collections, multipart-kit, vapor, bigint, flow-swift-macos
#13 116.3 [33764/127622] Fetching sendgrid, swift-collections, multipart-kit, vapor, bigint, flow-swift-macos, fluent-postgres-driver
#13 120.3 Fetched https://github.com/vapor/fluent-postgres-driver.git from cache (4.58s)
#13 120.3 Fetching https://github.com/apple/swift-nio-ssl.git
#13 120.4 [34220/124894] Fetching sendgrid, swift-collections, multipart-kit, vapor, bigint, flow-swift-macos
#13 121.6 [34305/140959] Fetching sendgrid, swift-collections, multipart-kit, vapor, bigint, flow-swift-macos, swift-nio-ssl
#13 127.8 Fetched https://github.com/attaswift/BigInt.git from cache (65.84s)
#13 127.8 Fetching https://github.com/apple/swift-algorithms.git
#13 128.1 [30690/136020] Fetching sendgrid, swift-collections, multipart-kit, vapor, flow-swift-macos, swift-nio-ssl
#13 128.5 [30856/142165] Fetching sendgrid, swift-collections, multipart-kit, vapor, flow-swift-macos, swift-nio-ssl, swift-algorithms
#13 137.9 Fetched https://github.com/apple/swift-algorithms.git from cache (10.06s)
#13 137.9 Fetching https://github.com/apple/swift-async-algorithms
#13 137.9 [34598/136020] Fetching sendgrid, swift-collections, multipart-kit, vapor, flow-swift-macos, swift-nio-ssl
#13 138.9 [35070/142743] Fetching sendgrid, swift-collections, multipart-kit, vapor, flow-swift-macos, swift-nio-ssl, swift-async-algorithms
#13 155.1 Fetched https://github.com/apple/swift-async-algorithms from cache (17.22s)
#13 155.1 Fetching https://github.com/apple/swift-metrics.git
#13 155.3 [37765/136020] Fetching sendgrid, swift-collections, multipart-kit, vapor, flow-swift-macos, swift-nio-ssl
#13 155.8 [37766/139528] Fetching sendgrid, swift-collections, multipart-kit, vapor, flow-swift-macos, swift-nio-ssl, swift-metrics
#13 181.2 Fetched https://github.com/vapor-community/sendgrid.git from cache (180.69s)
#13 181.2 Fetching https://github.com/vapor/queues-redis-driver.git
#13 181.2 [51858/138449] Fetching swift-collections, multipart-kit, vapor, flow-swift-macos, swift-nio-ssl, swift-metrics
#13 181.2 Fetched https://github.com/apple/swift-collections.git from cache (180.70s)
#13 181.2 Fetching https://github.com/apple/swift-nio.git
#13 181.3 [24573/111129] Fetching multipart-kit, vapor, flow-swift-macos, swift-nio-ssl, swift-metrics
#13 181.8 [24749/111818] Fetching multipart-kit, vapor, flow-swift-macos, swift-nio-ssl, swift-metrics, queues-redis-driver
#13 182.9 Fetched https://github.com/vapor/queues-redis-driver.git from cache (1.72s)
#13 182.9 Fetching https://github.com/vapor/sql-kit.git
#13 183.0 [25214/111129] Fetching multipart-kit, vapor, flow-swift-macos, swift-nio-ssl, swift-metrics
#13 184.0 [25392/117487] Fetching multipart-kit, vapor, flow-swift-macos, swift-nio-ssl, swift-metrics, sql-kit
#13 184.0 [25393/203560] Fetching multipart-kit, vapor, flow-swift-macos, swift-nio-ssl, swift-metrics, sql-kit, swift-nio
#13 184.7 Fetched https://github.com/apple/swift-metrics.git from cache (29.58s)
#13 184.7 Fetching https://github.com/apple/swift-crypto
#13 184.7 [22523/200052] Fetching multipart-kit, vapor, flow-swift-macos, swift-nio-ssl, sql-kit, swift-nio
#13 185.5 [23056/218594] Fetching multipart-kit, vapor, flow-swift-macos, swift-nio-ssl, sql-kit, swift-nio, swift-crypto
#13 217.3 Fetched https://github.com/vapor/sql-kit.git from cache (34.41s)
#13 217.3 Fetching https://github.com/apple/swift-distributed-tracing.git
#13 217.3 [36410/212236] Fetching multipart-kit, vapor, flow-swift-macos, swift-nio-ssl, swift-nio, swift-crypto
#13 221.8 Fetched https://github.com/vapor/multipart-kit.git from cache (177.14s)
#13 221.8 Fetching https://github.com/vapor/jwt.git
#13 221.8 [33837/205958] Fetching vapor, flow-swift-macos, swift-nio-ssl, swift-nio, swift-crypto
#13 222.4 [33951/208726] Fetching vapor, flow-swift-macos, swift-nio-ssl, swift-nio, swift-crypto, jwt
#13 223.2 [34492/215031] Fetching vapor, flow-swift-macos, swift-nio-ssl, swift-nio, swift-crypto, jwt, swift-distributed-tracing
#13 230.3 Fetched https://github.com/vapor/jwt.git from cache (8.47s)
#13 230.3 Fetching https://github.com/bigearsenal/task-retrying-swift
#13 230.3 [40394/212263] Fetching vapor, flow-swift-macos, swift-nio-ssl, swift-nio, swift-crypto, swift-distributed-tracing
#13 231.2 [41072/212316] Fetching vapor, flow-swift-macos, swift-nio-ssl, swift-nio, swift-crypto, swift-distributed-tracing, task-retrying-swift
#13 231.2 Fetched https://github.com/bigearsenal/task-retrying-swift from cache (0.92s)
#13 231.2 Fetching https://github.com/swift-server/swift-service-lifecycle.git
#13 231.3 [41075/212263] Fetching vapor, flow-swift-macos, swift-nio-ssl, swift-nio, swift-crypto, swift-distributed-tracing
#13 232.6 [41697/215106] Fetching vapor, flow-swift-macos, swift-nio-ssl, swift-nio, swift-crypto, swift-distributed-tracing, swift-service-lifecycle
#13 238.4 Fetched https://github.com/apple/swift-distributed-tracing.git from cache (21.03s)
#13 238.4 Fetching https://github.com/vapor/sqlite-nio.git
#13 238.4 [42103/208801] Fetching vapor, flow-swift-macos, swift-nio-ssl, swift-nio, swift-crypto, swift-service-lifecycle
#13 239.6 [42918/210815] Fetching vapor, flow-swift-macos, swift-nio-ssl, swift-nio, swift-crypto, swift-service-lifecycle, sqlite-nio
#13 244.3 Fetched https://github.com/swift-server/swift-service-lifecycle.git from cache (13.12s)
#13 244.3 Fetching https://github.com/vapor/jwt-kit.git
#13 244.6 [44217/207972] Fetching vapor, flow-swift-macos, swift-nio-ssl, swift-nio, swift-crypto, sqlite-nio
#13 245.3 [44575/218205] Fetching vapor, flow-swift-macos, swift-nio-ssl, swift-nio, swift-crypto, sqlite-nio, jwt-kit
#13 253.2 Fetched https://github.com/13Ophiuchus/flow-swift-macos.git from cache (190.67s)
#13 253.2 Fetching https://github.com/21-DOT-DEV/swift-secp256k1
#13 253.2 [45516/214323] Fetching vapor, swift-nio-ssl, swift-nio, swift-crypto, sqlite-nio, jwt-kit
#13 255.7 [46851/225410] Fetching vapor, swift-nio-ssl, swift-nio, swift-crypto, sqlite-nio, jwt-kit, swift-secp256k1
#13 313.7 Fetched https://github.com/vapor/sqlite-nio.git from cache (75.33s)
#13 313.7 Fetching https://github.com/vapor/fluent.git
#13 313.9 [84027/223396] Fetching vapor, swift-nio-ssl, swift-nio, swift-crypto, jwt-kit, swift-secp256k1
#13 315.1 [84774/236913] Fetching vapor, swift-nio-ssl, swift-nio, swift-crypto, jwt-kit, swift-secp256k1, fluent
#13 386.7 Fetched https://github.com/vapor/fluent.git from cache (72.97s)
#13 386.7 Fetching https://github.com/apple/swift-nio-transport-services.git
#13 386.8 [121758/223396] Fetching vapor, swift-nio-ssl, swift-nio, swift-crypto, jwt-kit, swift-secp256k1
#13 387.5 [122545/226259] Fetching vapor, swift-nio-ssl, swift-nio, swift-crypto, jwt-kit, swift-secp256k1, swift-nio-transport-services
#13 399.6 Fetched https://github.com/vapor/jwt-kit.git from cache (155.32s)
#13 399.6 Fetching https://github.com/swift-server-community/APNSwift.git
#13 399.7 [124951/216026] Fetching vapor, swift-nio-ssl, swift-nio, swift-crypto, swift-secp256k1, swift-nio-transport-services
#13 400.3 [125117/222153] Fetching vapor, swift-nio-ssl, swift-nio, swift-crypto, swift-secp256k1, swift-nio-transport-services, apnswift
#13 404.7 Fetched https://github.com/apple/swift-nio-transport-services.git from cache (18.04s)
#13 404.7 Fetching https://github.com/apple/swift-configuration.git
#13 404.8 [126168/219290] Fetching vapor, swift-nio-ssl, swift-nio, swift-crypto, swift-secp256k1, apnswift
#13 405.2 [126522/223045] Fetching vapor, swift-nio-ssl, swift-nio, swift-crypto, swift-secp256k1, apnswift, swift-configuration
#13 412.6 Fetched https://github.com/apple/swift-configuration.git from cache (7.92s)
#13 412.6 Fetching https://github.com/apple/swift-certificates.git
#13 412.6 [131197/219290] Fetching vapor, swift-nio-ssl, swift-nio, swift-crypto, swift-secp256k1, apnswift
#13 413.4 [132102/226863] Fetching vapor, swift-nio-ssl, swift-nio, swift-crypto, swift-secp256k1, apnswift, swift-certificates
#13 425.6 Fetched https://github.com/apple/swift-crypto from cache (240.94s)
#13 425.6 Fetching https://github.com/vapor/websocket-kit.git
#13 425.6 [124917/208321] Fetching vapor, swift-nio-ssl, swift-nio, swift-secp256k1, apnswift, swift-certificates
#13 427.8 [128731/210991] Fetching vapor, swift-nio-ssl, swift-nio, swift-secp256k1, apnswift, swift-certificates, websocket-kit
#13 429.6 Fetched https://github.com/swift-server-community/APNSwift.git from cache (29.96s)
#13 429.6 Fetching https://github.com/apple/swift-log
#13 429.6 [124506/204864] Fetching vapor, swift-nio-ssl, swift-nio, swift-secp256k1, swift-certificates, websocket-kit
#13 430.3 [125949/212960] Fetching vapor, swift-nio-ssl, swift-nio, swift-secp256k1, swift-certificates, websocket-kit, swift-log
#13 431.4 Fetched https://github.com/vapor/websocket-kit.git from cache (5.80s)
#13 431.4 Fetching https://github.com/vapor/console-kit.git
#13 431.5 [124802/210290] Fetching vapor, swift-nio-ssl, swift-nio, swift-secp256k1, swift-certificates, swift-log
#13 432.1 [125113/217133] Fetching vapor, swift-nio-ssl, swift-nio, swift-secp256k1, swift-certificates, swift-log, console-kit
#13 441.5 Fetched https://github.com/apple/swift-certificates.git from cache (28.83s)
#13 441.5 Fetching https://github.com/vapor/routing-kit.git
#13 441.5 [132085/209560] Fetching vapor, swift-nio-ssl, swift-nio, swift-secp256k1, swift-log, console-kit
#13 442.3 [133043/231116] Fetching vapor, swift-nio-ssl, swift-nio, swift-secp256k1, swift-log, console-kit, routing-kit
#13 443.6 Fetched https://github.com/vapor/console-kit.git from cache (12.19s)
#13 443.6 Fetching https://github.com/vapor/sqlite-kit.git
#13 443.6 [128454/224273] Fetching vapor, swift-nio-ssl, swift-nio, swift-secp256k1, swift-log, routing-kit
#13 444.4 [129950/226470] Fetching vapor, swift-nio-ssl, swift-nio, swift-secp256k1, swift-log, routing-kit, sqlite-kit
#13 453.2 Fetched https://github.com/apple/swift-log from cache (23.61s)
#13 453.2 Fetching https://github.com/vapor/postgres-nio.git
#13 453.3 [139419/218374] Fetching vapor, swift-nio-ssl, swift-nio, swift-secp256k1, routing-kit, sqlite-kit
#13 455.2 [142954/233798] Fetching vapor, swift-nio-ssl, swift-nio, swift-secp256k1, routing-kit, sqlite-kit, postgres-nio
#13 490.0 Fetched https://github.com/vapor/routing-kit.git from cache (48.50s)
#13 490.0 Fetching https://github.com/krzyzanowskim/CryptoSwift.git
#13 490.0 [145475/212242] Fetching vapor, swift-nio-ssl, swift-nio, swift-secp256k1, sqlite-kit, postgres-nio
#13 490.7 [146450/225681] Fetching vapor, swift-nio-ssl, swift-nio, swift-secp256k1, sqlite-kit, postgres-nio, cryptoswift
#13 505.7 Fetched https://github.com/vapor/sqlite-kit.git from cache (62.12s)
#13 505.7 Fetching https://github.com/vapor/fluent-sqlite-driver.git
#13 505.7 [156432/223484] Fetching vapor, swift-nio-ssl, swift-nio, swift-secp256k1, postgres-nio, cryptoswift
#13 506.8 [156703/224857] Fetching vapor, swift-nio-ssl, swift-nio, swift-secp256k1, postgres-nio, cryptoswift, fluent-sqlite-driver
#13 509.6 Fetched https://github.com/vapor/fluent-sqlite-driver.git from cache (3.83s)
#13 509.7 [157761/223484] Fetching vapor, swift-nio-ssl, swift-nio, swift-secp256k1, postgres-nio, cryptoswift
#13 537.9 Fetched https://github.com/vapor/postgres-nio.git from cache (84.70s)
#13 537.9 [157469/208060] Fetching vapor, swift-nio-ssl, swift-nio, swift-secp256k1, cryptoswift
#13 551.1 Fetched https://github.com/apple/swift-nio.git from cache (369.82s)
#13 551.1 [90613/121987] Fetching vapor, swift-nio-ssl, swift-secp256k1, cryptoswift
#13 556.5 Fetched https://github.com/21-DOT-DEV/swift-secp256k1 from cache (303.32s)
#13 556.6 [87468/110900] Fetching vapor, swift-nio-ssl, cryptoswift
#13 562.8 Fetched https://github.com/vapor/vapor.git from cache (508.71s)
#13 563.6 [18139/29504] Fetching swift-nio-ssl, cryptoswift
#13 565.3 Fetched https://github.com/apple/swift-nio-ssl.git from cache (444.97s)
#13 565.9 [3577/13439] Fetching cryptoswift
#13 579.6 Fetched https://github.com/krzyzanowskim/CryptoSwift.git from cache (89.63s)
#13 579.6 Creating working copy for https://github.com/swift-extras/swift-extras-json
#13 579.6 Creating working copy for https://github.com/vapor-community/sendgrid.git
#13 579.6 Creating working copy for https://github.com/apple/swift-http-structured-headers.git
#13 579.6 Creating working copy for https://github.com/apple/swift-numerics.git
#13 579.6 Creating working copy for https://github.com/swift-server/async-http-client
#13 579.6 Creating working copy for https://github.com/apple/swift-collections.git
#13 579.6 Creating working copy for https://github.com/apple/swift-nio-extras.git
#13 579.6 Creating working copy for https://github.com/vapor/async-kit.git
#13 579.6 Working copy of https://github.com/vapor-community/sendgrid.git resolved at 6.0.0
#13 579.6 Creating working copy for https://github.com/apple/swift-system.git
#13 579.6 Creating working copy for https://github.com/apple/swift-asn1.git
#13 579.6 Working copy of https://github.com/apple/swift-numerics.git resolved at 1.1.1
#13 579.6 Creating working copy for https://github.com/apple/swift-service-context.git
#13 579.6 Working copy of https://github.com/apple/swift-http-structured-headers.git resolved at 1.7.0
#13 579.6 Creating working copy for https://github.com/apple/swift-metrics.git
#13 579.7 Working copy of https://github.com/swift-extras/swift-extras-json resolved at 0.6.0
#13 579.7 Creating working copy for https://github.com/swift-server/RediStack.git
#13 579.7 Working copy of https://github.com/vapor/async-kit.git resolved at 1.22.0
#13 579.7 Working copy of https://github.com/swift-server/async-http-client resolved at 1.36.0
#13 579.7 Creating working copy for https://github.com/vapor/multipart-kit.git
#13 579.7 Working copy of https://github.com/apple/swift-system.git resolved at 1.8.0
#13 579.7 Creating working copy for https://github.com/vapor/fluent-kit.git
#13 579.7 Creating working copy for https://github.com/13Ophiuchus/flow-swift-macos.git
#13 579.7 Creating working copy for https://github.com/vapor-community/sendgrid-kit.git
#13 579.7 Working copy of https://github.com/apple/swift-metrics.git resolved at 2.11.0
#13 579.7 Creating working copy for https://github.com/vapor/redis.git
#13 579.7 Working copy of https://github.com/apple/swift-service-context.git resolved at 1.3.0
#13 579.7 Creating working copy for https://github.com/apple/swift-http-types.git
#13 579.7 Creating working copy for https://github.com/vapor/vapor.git
#13 579.7 Working copy of https://github.com/apple/swift-asn1.git resolved at 1.7.1
#13 579.7 Creating working copy for https://github.com/vapor/postgres-kit.git
#13 579.7 Working copy of https://github.com/swift-server/RediStack.git resolved at 1.6.3
#13 579.7 Creating working copy for https://github.com/apple/swift-algorithms.git
#13 579.7 Creating working copy for https://github.com/apple/swift-atomics.git
#13 579.7 Working copy of https://github.com/vapor/multipart-kit.git resolved at 4.7.1
#13 579.7 Creating working copy for https://github.com/vapor/queues.git
#13 579.7 Creating working copy for https://github.com/apple/swift-nio-http2.git
#13 579.7 Creating working copy for https://github.com/vapor/fluent-postgres-driver.git
#13 579.7 Working copy of https://github.com/vapor-community/sendgrid-kit.git resolved at 3.1.0
#13 579.7 Creating working copy for https://github.com/attaswift/BigInt.git
#13 579.8 Working copy of https://github.com/apple/swift-nio-extras.git resolved at 1.34.3
#13 579.8 Creating working copy for https://github.com/vapor/websocket-kit.git
#13 579.8 Working copy of https://github.com/vapor/redis.git resolved at 4.14.0
#13 579.8 Creating working copy for https://github.com/vapor/postgres-nio.git
#13 579.8 Creating working copy for https://github.com/vapor/apns.git
#13 579.8 Working copy of https://github.com/apple/swift-http-types.git resolved at 1.6.0
#13 579.8 Creating working copy for https://github.com/swift-server/swift-service-lifecycle.git
#13 579.8 Creating working copy for https://github.com/apple/swift-nio-ssl.git
#13 579.8 Creating working copy for https://github.com/apple/swift-distributed-tracing.git
#13 579.8 Working copy of https://github.com/vapor/fluent-kit.git resolved at 1.57.0
#13 579.8 Creating working copy for https://github.com/vapor/queues-redis-driver.git
#13 579.8 Creating working copy for https://github.com/vapor/fluent.git
#13 579.8 Working copy of https://github.com/vapor/postgres-kit.git resolved at 2.16.1
#13 579.8 Creating working copy for https://github.com/vapor/sql-kit.git
#13 579.8 Working copy of https://github.com/apple/swift-algorithms.git resolved at 1.2.1
#13 579.8 Creating working copy for https://github.com/apple/swift-configuration.git
#13 579.8 Creating working copy for https://github.com/bitmark-inc/tweetnacl-swiftwrap
#13 579.8 Working copy of https://github.com/vapor/queues.git resolved at 1.18.0
#13 579.8 Creating working copy for https://github.com/apple/swift-certificates.git
#13 579.8 Creating working copy for https://github.com/vapor/jwt.git
#13 579.8 Creating working copy for https://github.com/bigearsenal/task-retrying-swift
#13 579.8 Creating working copy for https://github.com/apple/swift-crypto
#13 579.9 Working copy of https://github.com/vapor/fluent-postgres-driver.git resolved at 2.12.0
#13 579.9 Creating working copy for https://github.com/apple/swift-nio-transport-services.git
#13 579.9 Working copy of https://github.com/apple/swift-atomics.git resolved at 1.3.1
#13 579.9 Creating working copy for https://github.com/vapor/sqlite-nio.git
#13 579.9 Creating working copy for https://github.com/apple/swift-log
#13 579.9 Working copy of https://github.com/vapor/vapor.git resolved at 4.122.0
#13 579.9 Creating working copy for https://github.com/21-DOT-DEV/swift-secp256k1
#13 579.9 Creating working copy for https://github.com/vapor/jwt-kit.git
#13 579.9 Creating working copy for https://github.com/vapor/console-kit.git
#13 579.9 Working copy of https://github.com/13Ophiuchus/flow-swift-macos.git resolved at 0.1.1
#13 579.9 Creating working copy for https://github.com/vapor/fluent-sqlite-driver.git
#13 579.9 Creating working copy for https://github.com/vapor/sqlite-kit.git
#13 579.9 Working copy of https://github.com/vapor/websocket-kit.git resolved at 2.16.2
#13 579.9 Creating working copy for https://github.com/krzyzanowskim/CryptoSwift.git
#13 579.9 Creating working copy for https://github.com/vapor/routing-kit.git
#13 579.9 Working copy of https://github.com/attaswift/BigInt.git resolved at 5.4.1
#13 579.9 Creating working copy for https://github.com/swift-server-community/APNSwift.git
#13 579.9 Creating working copy for https://github.com/apple/swift-nio.git
#13 579.9 Creating working copy for https://github.com/apple/swift-async-algorithms
#13 579.9 Working copy of https://github.com/vapor/apns.git resolved at 5.0.0
#13 579.9 Working copy of https://github.com/swift-server/swift-service-lifecycle.git resolved at 2.11.0
#13 579.9 Working copy of https://github.com/apple/swift-collections.git resolved at 1.6.0
#13 579.9 Working copy of https://github.com/vapor/postgres-nio.git resolved at 1.33.1
#13 579.9 Working copy of https://github.com/vapor/queues-redis-driver.git resolved at 1.1.2
#13 579.9 Working copy of https://github.com/vapor/fluent.git resolved at 4.13.0
#13 579.9 Working copy of https://github.com/vapor/sql-kit.git resolved at 3.36.0
#13 579.9 Working copy of https://github.com/bitmark-inc/tweetnacl-swiftwrap resolved at 1.1.0
#13 579.9 Working copy of https://github.com/apple/swift-distributed-tracing.git resolved at 1.4.1
#13 579.9 Working copy of https://github.com/bigearsenal/task-retrying-swift resolved at 1.0.4
#13 579.9 Working copy of https://github.com/vapor/jwt.git resolved at 5.1.2
#13 579.9 Working copy of https://github.com/apple/swift-nio-http2.git resolved at 1.45.0
#13 579.9 Working copy of https://github.com/apple/swift-nio-transport-services.git resolved at 1.28.0
#13 579.9 Working copy of https://github.com/apple/swift-configuration.git resolved at 1.2.0
#13 579.9 Working copy of https://github.com/apple/swift-certificates.git resolved at 1.19.4
#13 579.9 Working copy of https://github.com/vapor/fluent-sqlite-driver.git resolved at 4.9.0
#13 579.9 Working copy of https://github.com/apple/swift-log resolved at 1.15.0
#13 579.9 Working copy of https://github.com/vapor/jwt-kit.git resolved at 5.2.0
#13 579.9 Working copy of https://github.com/vapor/console-kit.git resolved at 4.16.0
#13 580.0 Working copy of https://github.com/vapor/sqlite-kit.git resolved at 4.5.2
#13 580.0 Working copy of https://github.com/vapor/sqlite-nio.git resolved at 1.13.0
#13 580.0 Working copy of https://github.com/apple/swift-nio-ssl.git resolved at 2.37.2
#13 580.0 Working copy of https://github.com/vapor/routing-kit.git resolved at 4.9.3
#13 580.0 Working copy of https://github.com/krzyzanowskim/CryptoSwift.git resolved at 1.10.0
#13 580.0 Working copy of https://github.com/swift-server-community/APNSwift.git resolved at 6.6.0
#13 580.0 Working copy of https://github.com/apple/swift-async-algorithms resolved at 1.1.5
#13 580.1 Working copy of https://github.com/apple/swift-nio.git resolved at 2.101.3
#13 580.1 Working copy of https://github.com/apple/swift-crypto resolved at 4.5.2
#13 580.3 Working copy of https://github.com/21-DOT-DEV/swift-secp256k1 resolved at 0.23.2
#13 DONE 587.3s

#14 [build 7/7] RUN --mount=type=cache,target=/root/.cache/org.swift.swiftpm     --mount=type=cache,target=/build/AetherAG/.build     swift build -c release --product AetherAGMailServerRun
#14 6.781 Building for production...
#14 7.054 [0/920] Compiling a_dup.cc
#14 7.054 [0/920] Compiling e_null.cc
#14 7.054 [0/920] Write sources
#14 7.060 [3/920] Compiling a_d2i_fp.cc
#14 7.060 [3/920] Compiling a_i2d_fp.cc
#14 7.064 [3/920] Compiling e_des.cc
#14 7.083 [5/920] Compiling e_chacha20poly1305.cc
#14 7.083 [7/920] Write sources
#14 7.092 [8/920] Compiling _NumericsShims _NumericsShims.c
#14 7.093 [9/920] Write sources
#14 7.096 [16/920] Compiling precomputed_ecmult_gen.c
#14 7.096 [16/920] Write sources
#14 7.100 [19/920] Copying wk.bridge.min.js
#14 7.105 [20/920] Copying browser.min.js
#14 7.106 [21/920] Compiling _AtomicsShims.c
#14 7.107 [22/920] Write sources
#14 7.110 [23/920] Copying browser.js
#14 7.110 [24/920] Write sources
#14 7.118 [82/920] Copying CommonCadence
#14 7.118 [82/920] Write sources
#14 7.133 [98/920] Compiling CXKCPShims shims.c
#14 7.155 [99/920] Compiling SimpleFIPS202.c
#14 7.182 [100/920] Compiling a_gentm.cc
#14 7.188 [101/920] Compiling KeccakSponge.c
#14 7.205 [102/920] Compiling KeccakHash.c
#14 7.210 [103/920] Compiling a_mbstr.cc
#14 7.236 [104/920] Compiling a_int.cc
#14 7.256 [105/920] Compiling CVaporBcrypt bcrypt.c
#14 7.306 [106/920] Compiling CSystem shims.c
#14 7.306 [107/920] Compiling CVaporBcrypt blf.c
#14 7.315 [108/920] Compiling CNIOWindows shim.c
#14 7.315 [108/920] Compiling CNIOWindows WSAStartup.c
#14 7.328 [110/920] Compiling CNIOWASI CNIOWASI.c
#14 7.338 [111/920] Compiling CNIOPosix event_loop_id.c
#14 7.357 [112/920] Compiling CNIOOpenBSD shim.c
#14 7.364 [113/920] Compiling CNIOSHA1 c_nio_sha1.c
#14 7.371 [114/920] Compiling CNIOLinux liburing_shims.c
#14 7.465 [115/920] Compiling CNIOLinux shim.c
#14 7.491 [116/920] Compiling CNIOLLHTTP c_nio_http.c
#14 7.526 [117/920] Compiling Utility.c
#14 7.540 [118/920] Compiling CNIOFreeBSD shim.c
#14 7.559 [119/920] Compiling CNIOExtrasZlib zutil.c
#14 7.563 [120/920] Compiling CNIOLLHTTP c_nio_api.c
#14 7.622 [121/920] Compiling CNIOExtrasZlib inftrees.c
#14 7.625 [122/920] Compiling ssl_aead_ctx.cc
#14 7.637 [123/920] Compiling CTweetNacl ctweetnacl.c
#14 7.700 [124/920] Compiling CNIOExtrasZlib inffast.c
#14 7.716 [125/920] Compiling CNIOExtrasZlib trees.c
#14 7.757 [126/920] Compiling CNIOExtrasZlib adler32.c
#14 7.765 [127/920] Compiling CNIODarwin shim.c
#14 7.784 [128/920] Compiling CNIOExtrasZlib crc32.c
#14 7.805 [129/920] Compiling fiat_p256_adx_sqr.S
#14 7.836 [130/920] Compiling fiat_p256_adx_mul.S
#14 7.856 [131/920] Compiling fiat_curve25519_adx_square.S
#14 7.882 [132/920] Compiling fiat_curve25519_adx_mul.S
#14 7.893 [133/920] Compiling CNIOBoringSSLShims shims.c
#14 7.897 [134/920] Compiling CNIOExtrasZlib deflate.c
#14 7.925 [135/920] Compiling CNIOExtrasZlib inflate.c
#14 8.024 [136/920] Compiling precomputed_ecmult.c
#14 8.106 [137/920] Compiling CNIOLLHTTP c_nio_llhttp.c
#14 8.469 [138/920] Compiling tls_method.cc
#14 8.531 [139/920] Compiling tls_record.cc
#14 8.630 [140/920] Compiling tls13_enc.cc
#14 8.762 [141/920] Compiling tls13_both.cc
#14 8.797 [142/920] Compiling tls13_server.cc
#14 8.809 [143/920] Compiling tls13_client.cc
#14 9.028 [144/920] Compiling KeccakP-1600-opt64.c
#14 9.130 [145/920] Compiling t1_enc.cc
#14 9.286 [146/920] Compiling ssl_versions.cc
#14 9.343 [147/920] Compiling ssl_transcript.cc
#14 9.343 [147/920] Compiling ssl_stat.cc
#14 9.455 [149/920] Compiling ssl_x509.cc
#14 9.632 [150/920] Compiling ssl_session.cc
#14 9.821 [151/920] Compiling ssl_privkey.cc
#14 9.948 [152/920] Compiling ssl_file.cc
#14 10.01 [153/920] Compiling ssl_key_share.cc
#14 10.08 [154/920] Compiling ssl_credential.cc
#14 10.22 [155/920] Compiling ssl_cipher.cc
#14 10.24 [156/920] Compiling ssl_lib.cc
#14 10.39 [157/920] Compiling ssl_buffer.cc
#14 10.40 [158/920] Compiling ssl_cert.cc
#14 10.60 [159/920] Compiling ssl_asn1.cc
#14 10.63 [160/920] Compiling s3_pkt.cc
#14 10.75 [161/920] Compiling s3_lib.cc
#14 10.94 [162/920] Compiling s3_both.cc
#14 11.15 [163/920] Compiling handshake_server.cc
#14 11.22 [164/920] Compiling handshake.cc
#14 11.39 [165/920] Compiling handoff.cc
#14 11.41 [166/920] Compiling handshake_client.cc
#14 11.61 [167/920] Compiling encrypted_client_hello.cc
#14 11.72 [168/920] Compiling dtls_method.cc
#14 11.73 [169/920] Compiling dtls_record.cc
#14 11.76 [170/920] Compiling md5-x86_64-linux.S
#14 11.78 [171/920] Compiling md5-x86_64-apple.S
#14 11.81 [172/920] Compiling md5-586-linux.S
#14 11.83 [173/920] Compiling md5-586-apple.S
#14 11.85 [174/920] Compiling d1_srtp.cc
#14 11.86 [175/920] Compiling extensions.cc
#14 11.89 [176/920] Compiling chacha20_poly1305_x86_64-linux.S
#14 11.89 [176/920] Compiling chacha20_poly1305_x86_64-apple.S
#14 11.91 [178/920] Compiling chacha20_poly1305_armv8-win.S
#14 11.94 [179/920] Compiling chacha20_poly1305_armv8-linux.S
#14 11.94 [180/920] Write swift-version-24593BA9C3E375BF.txt
#14 11.94 [180/920] Compiling secp256k1.c
#14 11.95 [182/920] Compiling chacha20_poly1305_armv8-apple.S
#14 11.96 [183/920] Compiling chacha-x86_64-apple.S
#14 11.97 [184/920] Compiling chacha-x86_64-linux.S
#14 11.98 [185/920] Compiling err_data.cc
#14 11.98 [186/920] Compiling chacha-x86-linux.S
#14 12.07 [187/925] Compiling d1_lib.cc
#14 12.08 [188/925] Compiling bio_ssl.cc
#14 12.10 [189/925] Compiling d1_pkt.cc
#14 12.46 [191/928] Compiling _NIOBase64 Base64.swift
#14 12.48 [192/928] Compiling ServiceContextModule ServiceContext.swift
#14 12.52 [193/929] Compiling _CertificateInternals _TinyArray.swift
#14 12.60 [193/931] Compiling d1_both.cc
#14 12.98 [195/932] Compiling _NIODataStructures Heap.swift
#14 12.98 [196/932] Compiling RealModule AlgebraicField.swift
#14 13.22 [197/934] Compiling Task_retrying Task+retrying.swift
#14 13.29 [198/934] Compiling Instrumentation Instrument.swift
#14 13.66 [199/936] Compiling TweetNacl Constant.swift
#14 13.69 [200/936] Compiling InternalCollectionsUtilities Debugging.swift
#14 13.97 [201/938] Compiling ConcurrencyHelpers Lock.swift
#14 14.64 [202/939] Compiling Logging MultiplexLogHandler.swift
#14 14.67 [203/939] Compiling Tracing InstrumentationSystem+Tracing.swift
#14 15.31 [204/941] Compiling UnixSignals UnixSignal.swift
#14 15.32 [205/941] Compiling CoreMetrics Locks.swift
#14 15.54 [206/943] Compiling RoutingKit AnyRouter.swift
#14 15.88 [207/944] Compiling HeapModule Heap+Descriptions.swift
#14 15.89 [208/944] Compiling Metrics Metrics.swift
#14 16.17 [209/946] Compiling ContainersPreview OutputSpan+Extras.swift
#14 17.75 [210/947] Compiling ExtrasJSON ArrayKey.swift
#14 17.82 [210/947] Compiling chacha-x86-apple.S
#14 17.85 [211/947] Compiling chacha-armv8-win.S
#14 17.86 [213/947] Compiling SystemPackage Errno.swift
#14 17.90 [213/947] Compiling chacha-armv8-apple.S
#14 17.91 [214/947] Compiling chacha-armv8-linux.S
#14 17.94 [215/947] Compiling chacha-armv4-linux.S
#14 17.95 [216/947] Compiling aes128gcmsiv-x86_64-linux.S
#14 17.97 [217/947] Compiling aes128gcmsiv-x86_64-apple.S
#14 17.98 [218/947] Compiling x86_64-mont5-linux.S
#14 17.99 [219/947] Compiling x86_64-mont5-apple.S
#14 18.00 [220/947] Compiling x86_64-mont-linux.S
#14 18.02 [221/947] Compiling x86_64-mont-apple.S
#14 18.02 [222/947] Compiling x86-mont-linux.S
#14 18.04 [223/947] Compiling vpaes-x86_64-linux.S
#14 18.05 [224/947] Compiling x86-mont-apple.S
#14 18.07 [225/947] Compiling vpaes-x86_64-apple.S
#14 18.08 [226/947] Compiling vpaes-x86-linux.S
#14 18.10 [227/947] Compiling vpaes-x86-apple.S
#14 18.11 [228/947] Compiling vpaes-armv8-win.S
#14 18.13 [229/947] Compiling vpaes-armv8-linux.S
#14 18.14 [230/947] Compiling vpaes-armv8-apple.S
#14 18.18 [231/947] Compiling vpaes-armv7-linux.S
#14 18.20 [232/947] Compiling sha512-x86_64-linux.S
#14 18.24 [233/947] Compiling sha512-x86_64-apple.S
#14 18.26 [234/947] Compiling sha512-armv8-win.S
#14 18.31 [235/947] Compiling sha512-armv8-apple.S
#14 18.34 [236/947] Compiling sha512-armv8-linux.S
#14 18.37 [237/947] Compiling sha512-armv4-linux.S
#14 18.42 [238/947] Compiling sha512-586-apple.S
#14 18.43 [239/947] Compiling sha512-586-linux.S
#14 18.48 [240/947] Compiling sha256-x86_64-linux.S
#14 18.49 [241/947] Compiling sha256-x86_64-apple.S
#14 18.53 [242/947] Compiling sha256-armv8-win.S
#14 18.56 [243/947] Compiling sha256-armv8-linux.S
#14 18.58 [244/947] Compiling sha256-armv8-apple.S
#14 18.63 [245/947] Compiling sha256-armv4-linux.S
#14 18.63 [246/947] Compiling sha256-586-linux.S
#14 18.67 [247/947] Compiling sha256-586-apple.S
#14 18.70 [248/947] Compiling sha1-x86_64-linux.S
#14 18.71 [249/947] Compiling sha1-x86_64-apple.S
#14 18.76 [250/947] Compiling sha1-armv8-win.S
#14 18.77 [251/947] Compiling sha1-armv8-linux.S
#14 18.80 [252/947] Compiling sha1-armv8-apple.S
#14 18.85 [253/947] Compiling sha1-armv4-large-linux.S
#14 18.88 [254/947] Compiling sha1-586-linux.S
#14 18.88 [255/947] Compiling sha1-586-apple.S
#14 18.92 [256/947] Compiling rsaz-avx2-linux.S
#14 18.93 [257/947] Compiling rsaz-avx2-apple.S
#14 18.96 [258/947] Compiling rdrand-x86_64-linux.S
#14 18.97 [259/947] Compiling rdrand-x86_64-apple.S
#14 19.00 [260/947] Compiling p256_beeu-x86_64-asm-apple.S
#14 19.00 [260/947] Compiling p256_beeu-x86_64-asm-linux.S
#14 19.04 [262/947] Compiling p256_beeu-armv8-asm-win.S
#14 19.07 [263/947] Compiling p256_beeu-armv8-asm-linux.S
#14 19.10 [264/947] Compiling p256_beeu-armv8-asm-apple.S
#14 19.12 [265/947] Compiling p256-x86_64-asm-linux.S
#14 19.15 [266/947] Compiling p256-x86_64-asm-apple.S
#14 19.19 [267/947] Compiling p256-armv8-asm-win.S
#14 19.25 [268/947] Compiling p256-armv8-asm-linux.S
#14 19.26 [269/947] Compiling p256-armv8-asm-apple.S
#14 19.31 [270/947] Compiling ghashv8-armv8-win.S
#14 19.32 [271/947] Compiling ghashv8-armv8-linux.S
#14 19.36 [272/947] Compiling ghashv8-armv8-apple.S
#14 19.38 [273/947] Compiling ghashv8-armv7-linux.S
#14 19.41 [274/947] Compiling ghash-x86_64-linux.S
#14 19.45 [275/947] Compiling ghash-x86_64-apple.S
#14 19.46 [276/947] Compiling ghash-x86-linux.S
#14 19.49 [277/947] Compiling ghash-x86-apple.S
#14 19.50 [278/947] Compiling ghash-ssse3-x86_64-linux.S
#14 19.54 [279/947] Compiling ghash-ssse3-x86-linux.S
#14 19.54 [280/947] Compiling ghash-ssse3-x86_64-apple.S
#14 19.56 [281/947] Compiling ghash-ssse3-x86-apple.S
#14 19.58 [282/947] Compiling ghash-neon-armv8-win.S
#14 19.59 [283/947] Compiling ghash-neon-armv8-linux.S
#14 19.60 [284/947] Compiling ghash-neon-armv8-apple.S
#14 19.61 [285/947] Compiling ghash-armv4-linux.S
#14 19.63 [286/947] Compiling co-586-linux.S
#14 19.64 [287/947] Compiling co-586-apple.S
#14 19.64 [289/947] Compiling OrderedCollections _HashTable+Bucket.swift
#14 19.65 [289/947] Compiling bsaes-armv7-linux.S
#14 19.67 [290/947] Compiling bn-armv8-win.S
#14 19.68 [291/947] Compiling bn-armv8-linux.S
#14 19.69 [292/947] Compiling bn-armv8-apple.S
#14 19.70 [293/947] Compiling bn-586-linux.S
#14 19.70 [295/947] Compiling SwiftASN1 ASN1.swift
#14 19.71 [295/947] Compiling bn-586-apple.S
#14 19.71 [296/947] Compiling armv8-mont-win.S
#14 19.73 [297/947] Compiling armv8-mont-linux.S
#14 19.74 [298/947] Compiling armv8-mont-apple.S
#14 19.74 [298/947] Compiling armv4-mont-linux.S
#14 19.74 [300/947] Compiling aesv8-gcm-armv8-win.S
#14 19.76 [301/947] Compiling aesv8-gcm-armv8-apple.S
#14 19.77 [302/947] Compiling aesv8-gcm-armv8-linux.S
#14 19.77 [304/947] Compiling P256K Placeholder.swift
#14 19.77 [304/947] Compiling aesv8-armv8-linux.S
#14 19.77 [305/947] Compiling aesv8-armv8-win.S
#14 19.80 [306/947] Compiling aesv8-armv8-apple.S
#14 19.80 [307/947] Compiling aesni-x86_64-linux.S
#14 19.80 [308/947] Compiling aesni-x86_64-apple.S
#14 19.81 [309/947] Compiling aesv8-armv7-linux.S
#14 19.81 [309/947] Compiling aesni-x86-linux.S
#14 19.82 [311/947] Compiling aesni-gcm-x86_64-linux.S
#14 19.83 [312/947] Compiling aesni-gcm-x86_64-apple.S
#14 19.83 [313/947] Compiling aesni-x86-apple.S
#14 19.84 [314/947] Compiling aes-gcm-avx2-x86_64-linux.S
#14 19.84 [315/947] Compiling aes-gcm-avx2-x86_64-apple.S
#14 19.85 [316/947] Compiling aes-gcm-avx10-x86_64-linux.S
#14 19.85 [317/947] Compiling aes-gcm-avx10-x86_64-apple.S
#14 20.29 [318/947] Compiling x_sig.cc
#14 20.30 [319/947] Compiling x_spki.cc
#14 20.33 [320/947] Compiling x_val.cc
#14 20.35 [321/947] Compiling x_x509a.cc
#14 20.37 [322/947] Compiling x_x509.cc
#14 20.57 [324/947] Compiling DequeModule Deque+Codable.swift
#14 20.66 [324/948] Compiling x_pubkey.cc
#14 20.74 [325/948] Compiling x_crl.cc
#14 20.76 [326/948] Compiling x_req.cc
#14 20.77 [327/948] Compiling x_exten.cc
#14 20.96 [328/948] Compiling x_name.cc
#14 21.28 [329/948] Compiling x_attrib.cc
#14 21.43 [330/948] Compiling x_all.cc
#14 21.58 [331/948] Compiling x_algor.cc
#14 21.61 [332/948] Compiling x509spki.cc
#14 21.64 [334/948] Compiling HashTreeCollections _AncestorHashSlots.swift
#14 21.74 [334/948] Compiling x509rset.cc
#14 21.82 [335/948] Compiling x509name.cc
#14 21.84 [336/948] Compiling x509cset.cc
#14 22.05 [337/948] Compiling x509_vpm.cc
#14 22.15 [338/948] Compiling x509_v3.cc
#14 22.15 [339/948] Compiling x509_txt.cc
#14 22.19 [340/948] Compiling x509_trs.cc
#14 22.21 [341/948] Compiling x509_set.cc
#14 22.27 [342/948] Compiling x509_vfy.cc
#14 22.51 [343/948] Compiling x509_req.cc
#14 22.53 [344/948] Compiling x509_def.cc
#14 22.54 [345/948] Compiling x509_ext.cc
#14 22.58 [346/948] Compiling x509_obj.cc
#14 22.65 [347/948] Compiling x509_lu.cc
#14 22.69 [348/948] Compiling x509_d2.cc
#14 22.87 [349/948] Compiling x509.cc
#14 22.89 [350/948] Compiling x509_att.cc
#14 22.97 [351/948] Compiling x509_cmp.cc
#14 23.11 [352/948] Compiling v3_skey.cc
#14 23.19 [353/948] Compiling v3_purp.cc
#14 23.21 [354/948] Compiling v3_utl.cc
#14 23.21 [355/948] Compiling v3_prn.cc
#14 23.45 [356/948] Compiling v3_pmaps.cc
#14 23.49 [357/948] Compiling v3_pcons.cc
#14 23.56 [358/948] Compiling v3_int.cc
#14 23.62 [359/948] Compiling v3_ocsp.cc
#14 23.65 [360/948] Compiling v3_info.cc
#14 23.68 [361/948] Compiling v3_lib.cc
#14 23.73 [362/948] Compiling v3_ncons.cc
#14 23.91 [363/948] Compiling v3_genn.cc
#14 23.97 [364/948] Compiling v3_ia5.cc
#14 24.00 [365/948] Compiling v3_enum.cc
#14 24.06 [366/948] Compiling v3_extku.cc
#14 24.09 [367/948] Compiling v3_crld.cc
#14 24.19 [368/948] Compiling v3_cpols.cc
#14 24.46 [369/948] Compiling v3_conf.cc
#14 24.62 [370/948] Compiling v3_bcons.cc
#14 24.68 [371/948] Compiling v3_bitst.cc
#14 24.75 [372/948] Compiling v3_akeya.cc
#14 24.81 [373/948] Compiling v3_akey.cc
#14 25.03 [374/948] Compiling v3_alt.cc
#14 25.26 [375/948] Compiling t_x509a.cc
#14 25.45 [376/948] Compiling rsa_pss.cc
#14 25.57 [377/948] Compiling t_crl.cc
#14 25.66 [378/948] Compiling t_x509.cc
#14 25.67 [379/948] Compiling t_req.cc
#14 25.68 [380/948] Compiling i2d_pr.cc
#14 25.77 [381/948] Compiling name_print.cc
#14 25.81 [382/948] Compiling policy.cc
#14 25.90 [384/948] Compiling _RopeModule BigString+Builder.swift
#14 26.04 [384/948] Compiling by_file.cc
#14 26.08 [385/948] Compiling algorithm.cc
#14 26.12 [386/948] Compiling a_verify.cc
#14 26.13 [387/948] Compiling a_sign.cc
#14 26.15 [388/948] Compiling by_dir.cc
#14 26.16 [389/948] Compiling asn1_gen.cc
#14 26.20 [390/948] Compiling a_digest.cc
#14 26.25 [391/948] Compiling thread_win.cc
#14 26.31 [392/948] Compiling thread.cc
#14 26.33 [393/948] Compiling thread_none.cc
#14 26.34 [394/948] Compiling thread_pthread.cc
#14 26.44 [395/948] Compiling stack.cc
#14 26.45 [396/948] Compiling trust_token.cc
#14 26.51 [397/948] Compiling voprf.cc
#14 26.54 [398/948] Compiling siphash.cc
#14 26.55 [399/948] Compiling sha512.cc
#14 26.58 [400/948] Compiling slhdsa.cc
#14 26.61 [401/948] Compiling sha256.cc
#14 26.61 [402/948] Compiling pmbtoken.cc
#14 26.62 [403/948] Compiling spake2plus.cc
#14 26.67 [404/948] Compiling rsa_extra.cc
#14 26.68 [405/948] Compiling sha1.cc
#14 26.69 [406/948] Compiling rsa_print.cc
#14 26.73 [407/948] Compiling rc4.cc
#14 26.75 [408/948] Compiling refcount.cc
#14 26.80 [409/948] Compiling windows.cc
#14 26.81 [410/948] Compiling trusty.cc
#14 26.84 [411/948] Compiling rand.cc
#14 26.86 [412/948] Compiling rsa_crypt.cc
#14 26.89 [413/948] Compiling passive.cc
#14 26.90 [414/948] Compiling urandom.cc
#14 26.92 [415/948] Compiling ios.cc
#14 26.95 [416/948] Compiling getentropy.cc
#14 26.95 [417/948] Compiling rsa_asn1.cc
#14 26.98 [418/948] Compiling poly1305_arm_asm.S
#14 26.99 [419/948] Compiling forkunsafe.cc
#14 27.01 [420/948] Compiling deterministic.cc
#14 27.04 [421/948] Compiling fork_detect.cc
#14 27.06 [422/948] Compiling poly1305_vec.cc
#14 27.11 [423/948] Compiling poly1305_arm.cc
#14 27.19 [424/948] Compiling poly1305.cc
#14 27.19 [425/948] Compiling pool.cc
#14 27.36 [426/948] Compiling pkcs8.cc
#14 27.40 [427/948] Compiling pkcs8_x509.cc
#14 27.41 [428/948] Compiling pkcs7.cc
#14 27.45 [429/948] Compiling pkcs7_x509.cc
#14 27.48 [430/948] Compiling p5_pbev2.cc
#14 27.56 [431/948] Compiling pem_x509.cc
#14 27.62 [432/948] Compiling pem_xaux.cc
#14 27.67 [433/948] Compiling pem_pkey.cc
#14 27.75 [434/948] Compiling pem_pk8.cc
#14 27.80 [435/948] Compiling pem_oth.cc
#14 27.85 [436/948] Compiling pem_lib.cc
#14 27.87 [437/948] Compiling mlkem.cc
#14 27.87 [438/948] Compiling obj_xref.cc
#14 27.92 [439/948] Compiling pem_info.cc
#14 27.93 [440/948] Compiling mldsa.cc
#14 27.99 [441/948] Compiling obj.cc
#14 28.03 [442/948] Compiling pem_all.cc
#14 28.04 [443/948] Compiling mem.cc
#14 28.05 [444/948] Compiling poly_rq_mul.S
#14 28.06 [445/948] Compiling md5.cc
#14 28.07 [446/948] Compiling fips_shared_support.cc
#14 28.10 [447/948] Compiling lhash.cc
#14 28.11 [448/948] Compiling md4.cc
#14 28.28 [449/948] Compiling ex_data.cc
#14 28.30 [450/948] Compiling sign.cc
#14 28.35 [451/948] Compiling scrypt.cc
#14 28.38 [452/948] Compiling hpke.cc
#14 28.45 [453/948] Compiling kyber.cc
#14 28.49 [454/948] Compiling pbkdf.cc
#14 28.54 [455/948] Compiling p_x25519.cc
#14 28.55 [456/948] Compiling print.cc
#14 28.60 [457/948] Compiling hrss.cc
#14 28.66 [458/948] Compiling p_x25519_asn1.cc
#14 28.75 [459/948] Compiling p_ed25519.cc
#14 28.76 [460/948] Compiling p_rsa_asn1.cc
#14 28.78 [461/948] Compiling p_hkdf.cc
#14 28.85 [462/948] Compiling p_rsa.cc
#14 28.87 [463/948] Compiling p_ed25519_asn1.cc
#14 28.97 [464/948] Compiling p_ec_asn1.cc
#14 28.98 [465/948] Compiling p_ec.cc
#14 29.04 [466/948] Compiling p_dh.cc
#14 29.11 [467/948] Compiling p_dh_asn1.cc
#14 29.21 [468/948] Compiling evp.cc
#14 29.24 [469/948] Compiling evp_ctx.cc
#14 29.31 [470/948] Compiling p_dsa_asn1.cc
#14 29.46 [471/948] Compiling evp_asn1.cc
#14 29.53 [472/948] Compiling hash_to_curve.cc
#14 29.56 [473/948] Compiling engine.cc
#14 29.61 [474/948] Compiling err.cc
#14 29.64 [475/948] Compiling ecdh.cc
#14 29.76 [476/948] Compiling ecdsa_asn1.cc
#14 29.84 [477/948] Compiling ec_derive.cc
#14 29.87 [478/948] Compiling dsa_asn1.cc
#14 29.91 [479/948] Compiling dsa.cc
#14 29.94 [480/948] Compiling digest_extra.cc
#14 30.01 [481/948] Compiling params.cc
#14 30.14 [482/948] Compiling curve25519_64_adx.cc
#14 30.17 [483/948] Compiling x25519-asm-arm.S
#14 30.18 [484/948] Compiling spake25519.cc
#14 30.26 [485/948] Compiling ec_asn1.cc
#14 30.27 [486/948] Compiling des.cc
#14 30.30 [487/948] Compiling dh_asn1.cc
#14 30.32 [488/948] Compiling crypto.cc
#14 30.34 [489/948] Compiling cpu_intel.cc
#14 30.41 [490/948] Compiling cpu_arm_linux.cc
#14 30.45 [491/948] Compiling cpu_aarch64_sysreg.cc
#14 30.45 [492/948] Compiling cpu_arm_freebsd.cc
#14 30.47 [493/948] Compiling cpu_aarch64_win.cc
#14 30.50 [494/948] Compiling cpu_aarch64_openbsd.cc
#14 30.58 [495/948] Compiling cpu_aarch64_linux.cc
#14 30.58 [496/948] Compiling cpu_aarch64_fuchsia.cc
#14 30.63 [497/948] Compiling cpu_aarch64_apple.cc
#14 30.72 [498/948] Compiling conf.cc
#14 30.73 [499/948] Compiling tls_cbc.cc
#14 30.76 [500/948] Compiling e_tls.cc
#14 30.79 [501/948] Compiling curve25519.cc
#14 30.80 [502/948] Compiling get_cipher.cc
#14 30.80 [503/948] Compiling e_rc4.cc
#14 30.88 [504/948] Compiling e_null.cc
#14 30.93 [505/948] Compiling e_des.cc
#14 30.96 [506/948] Compiling e_rc2.cc
#14 30.99 [507/948] Compiling e_aesgcmsiv.cc
#14 31.01 [508/948] Compiling e_chacha20poly1305.cc
#14 31.01 [509/948] Compiling derive_key.cc
#14 31.03 [510/948] Compiling e_aesctrhmac.cc
#14 31.10 [511/948] Compiling chacha.cc
#14 31.23 [512/948] Compiling ber.cc
#14 31.24 [513/948] Compiling unicode.cc
#14 31.26 [514/948] Compiling buf.cc
#14 31.31 [515/948] Compiling asn1_compat.cc
#14 31.39 [516/948] Compiling cbb.cc
#14 31.45 [517/948] Compiling cbs.cc
#14 31.46 [518/948] Compiling blake2.cc
#14 31.52 [519/948] Compiling bn_asn1.cc
#14 31.53 [520/948] Compiling convert.cc
#14 31.54 [521/948] Compiling socket_helper.cc
#14 31.58 [522/948] Compiling socket.cc
#14 31.59 [523/948] Compiling printf.cc
#14 31.70 [524/948] Compiling pair.cc
#14 31.80 [525/948] Compiling hexdump.cc
#14 31.83 [526/948] Compiling file.cc
#14 31.86 [527/948] Compiling fd.cc
#14 31.88 [528/948] Compiling errno.cc
#14 31.94 [530/948] Compiling Configuration AccessReporter.swift
#14 31.99 [530/948] Compiling bio_mem.cc
#14 32.09 [531/948] Compiling connect.cc
#14 32.21 [532/948] Compiling base64.cc
#14 32.30 [533/948] Compiling tasn_fre.cc
#14 32.39 [534/948] Compiling tasn_typ.cc
#14 32.43 [535/948] Compiling bio.cc
#14 32.47 [536/948] Compiling tasn_utl.cc
#14 32.62 [537/948] Compiling f_string.cc
#14 32.66 [538/948] Compiling tasn_enc.cc
#14 32.74 [539/948] Compiling posix_time.cc
#14 32.74 [540/948] Compiling tasn_new.cc
#14 32.77 [541/948] Compiling asn_pack.cc
#14 32.78 [542/948] Compiling f_int.cc
#14 32.80 [543/948] Compiling asn1_par.cc
#14 32.95 [544/948] Compiling tasn_dec.cc
#14 33.15 [545/948] Compiling a_utctm.cc
#14 33.16 [546/948] Compiling asn1_lib.cc
#14 33.18 [547/948] Compiling a_octet.cc
#14 33.23 [548/948] Compiling a_time.cc
#14 33.23 [549/948] Compiling a_type.cc
#14 33.23 [550/948] Compiling a_strex.cc
#14 33.30 [551/948] Compiling a_strnid.cc
#14 33.33 [553/948] Compiling CryptoSwift AEAD.swift
#14 33.37 [553/948] Compiling a_i2d_fp.cc
#14 33.43 [554/948] Compiling a_mbstr.cc
#14 33.44 [555/948] Compiling a_dup.cc
#14 33.46 [556/948] Compiling a_object.cc
#14 33.49 [557/948] Compiling a_gentm.cc
#14 33.51 [558/948] Compiling a_d2i_fp.cc
#14 33.52 [559/948] Compiling a_int.cc
#14 33.53 [560/948] Compiling fiat_p256_adx_sqr.S
#14 33.55 [561/948] Compiling fiat_p256_adx_mul.S
#14 33.55 [562/948] Compiling fiat_curve25519_adx_square.S
#14 33.56 [563/948] Compiling fiat_curve25519_adx_mul.S
#14 33.58 [564/948] Compiling a_bitstr.cc
#14 33.58 [565/948] Compiling md5-x86_64-linux.S
#14 33.59 [566/948] Compiling md5-x86_64-apple.S
#14 33.59 [567/948] Compiling md5-586-linux.S
#14 33.59 [568/948] Compiling a_bool.cc
#14 33.59 [569/948] Compiling md5-586-apple.S
#14 33.62 [570/948] Compiling chacha20_poly1305_x86_64-linux.S
#14 33.62 [571/948] Compiling chacha20_poly1305_armv8-win.S
#14 33.62 [572/948] Compiling chacha20_poly1305_x86_64-apple.S
#14 33.63 [573/948] Compiling chacha20_poly1305_armv8-linux.S
#14 33.65 [574/948] Compiling chacha-x86_64-apple.S
#14 33.65 [575/948] Compiling chacha20_poly1305_armv8-apple.S
#14 33.65 [576/948] Compiling chacha-x86_64-linux.S
#14 33.66 [577/948] Compiling chacha-x86-linux.S
#14 33.67 [578/948] Compiling chacha-x86-apple.S
#14 33.67 [578/948] Compiling chacha-armv8-win.S
#14 33.69 [580/948] Compiling chacha-armv8-apple.S
#14 33.69 [581/948] Compiling chacha-armv4-linux.S
#14 33.70 [582/948] Compiling chacha-armv8-linux.S
#14 33.71 [583/948] Compiling CCryptoBoringSSLShims shims.c
#14 33.71 [584/948] Compiling aes128gcmsiv-x86_64-linux.S
#14 33.72 [585/948] Compiling err_data.cc
#14 33.72 [586/948] Compiling aes128gcmsiv-x86_64-apple.S
#14 33.73 [587/948] Compiling x86_64-mont5-apple.S
#14 33.73 [588/948] Compiling x86_64-mont-linux.S
#14 33.73 [589/948] Compiling x86_64-mont5-linux.S
#14 33.74 [590/948] Compiling x86-mont-linux.S
#14 33.74 [591/948] Compiling x86_64-mont-apple.S
#14 33.75 [592/948] Compiling x86-mont-apple.S
#14 33.76 [593/948] Compiling vpaes-x86-linux.S
#14 33.76 [594/948] Compiling vpaes-x86_64-linux.S
#14 33.77 [595/948] Compiling vpaes-x86_64-apple.S
#14 33.77 [596/948] Compiling vpaes-x86-apple.S
#14 33.77 [597/948] Compiling vpaes-armv8-win.S
#14 33.79 [598/948] Compiling vpaes-armv8-linux.S
#14 33.79 [599/948] Compiling vpaes-armv8-apple.S
#14 33.79 [600/948] Compiling vpaes-armv7-linux.S
#14 33.80 [601/948] Compiling sha512-x86_64-apple.S
#14 33.81 [602/948] Compiling sha512-armv8-win.S
#14 33.81 [603/948] Compiling sha512-x86_64-linux.S
#14 33.82 [604/948] Compiling sha512-armv4-linux.S
#14 33.82 [605/948] Compiling sha512-586-linux.S
#14 33.83 [606/948] Compiling sha512-armv8-linux.S
#14 33.83 [607/948] Compiling sha512-armv8-apple.S
#14 33.83 [608/948] Compiling sha512-586-apple.S
#14 33.84 [609/948] Compiling sha256-x86_64-linux.S
#14 33.85 [610/948] Compiling sha256-x86_64-apple.S
#14 33.85 [611/948] Compiling sha256-armv8-win.S
#14 33.86 [612/948] Compiling sha256-armv4-linux.S
#14 33.86 [613/948] Compiling sha256-armv8-apple.S
#14 33.87 [614/948] Compiling sha256-armv8-linux.S
#14 33.87 [615/948] Compiling sha256-586-linux.S
#14 33.88 [616/948] Compiling sha1-x86_64-linux.S
#14 33.88 [617/948] Compiling sha1-armv8-win.S
#14 33.89 [618/948] Compiling sha1-x86_64-apple.S
#14 33.89 [618/948] Compiling sha256-586-apple.S
#14 33.90 [620/948] Compiling sha1-armv8-apple.S
#14 33.91 [621/948] Compiling sha1-586-linux.S
#14 33.91 [622/948] Compiling sha1-armv4-large-linux.S
#14 33.92 [623/948] Compiling sha1-armv8-linux.S
#14 33.92 [624/948] Compiling sha1-586-apple.S
#14 33.92 [625/948] Compiling rsaz-avx2-linux.S
#14 33.92 [626/948] Compiling rsaz-avx2-apple.S
#14 33.94 [627/948] Compiling rdrand-x86_64-linux.S
#14 33.94 [628/948] Compiling rdrand-x86_64-apple.S
#14 33.94 [629/948] Compiling p256_beeu-x86_64-asm-apple.S
#14 33.95 [630/948] Compiling p256_beeu-x86_64-asm-linux.S
#14 33.96 [631/948] Compiling p256_beeu-armv8-asm-win.S
#14 33.96 [631/948] Compiling p256_beeu-armv8-asm-apple.S
#14 33.96 [632/948] Compiling p256_beeu-armv8-asm-linux.S
#14 33.96 [634/948] Compiling p256-x86_64-asm-linux.S
#14 33.96 [635/948] Compiling p256-x86_64-asm-apple.S
#14 33.97 [636/948] Compiling p256-armv8-asm-win.S
#14 33.99 [637/948] Compiling ghashv8-armv8-apple.S
#14 33.99 [638/948] Compiling ghashv8-armv8-win.S
#14 33.99 [639/948] Compiling p256-armv8-asm-apple.S
#14 34.00 [640/948] Compiling ghashv8-armv7-linux.S
#14 34.00 [641/948] Compiling p256-armv8-asm-linux.S
#14 34.00 [642/948] Compiling ghashv8-armv8-linux.S
#14 34.02 [643/948] Compiling ghash-x86-linux.S
#14 34.02 [643/948] Compiling ghash-x86_64-linux.S
#14 34.03 [645/948] Compiling ghash-ssse3-x86_64-linux.S
#14 34.03 [646/948] Compiling ghash-x86-apple.S
#14 34.03 [646/948] Compiling ghash-ssse3-x86_64-apple.S
#14 34.03 [648/948] Compiling ghash-x86_64-apple.S
#14 34.04 [649/948] Compiling ghash-ssse3-x86-linux.S
#14 34.05 [650/948] Compiling ghash-ssse3-x86-apple.S
#14 34.06 [651/948] Compiling ghash-neon-armv8-win.S
#14 34.06 [652/948] Compiling ghash-neon-armv8-linux.S
#14 34.06 [653/948] Compiling ghash-neon-armv8-apple.S
#14 34.06 [654/948] Compiling co-586-linux.S
#14 34.07 [655/948] Compiling c-nioatomics.c
#14 34.07 [655/948] Compiling ghash-armv4-linux.S
#14 34.08 [657/948] Compiling co-586-apple.S
#14 34.08 [658/948] Compiling bsaes-armv7-linux.S
#14 34.09 [659/948] Compiling bn-armv8-win.S
#14 34.10 [660/948] Compiling bn-armv8-linux.S
#14 34.10 [661/948] Compiling armv8-mont-win.S
#14 34.10 [662/948] Compiling bn-armv8-apple.S
#14 34.11 [663/948] Compiling bn-586-apple.S
#14 34.11 [664/948] Compiling bn-586-linux.S
#14 34.12 [665/948] Compiling armv4-mont-linux.S
#14 34.12 [665/948] Compiling armv8-mont-linux.S
#14 34.12 [665/948] Compiling armv8-mont-apple.S
#14 34.12 [668/948] Compiling aesv8-gcm-armv8-win.S
#14 34.13 [669/948] Compiling aesv8-armv8-win.S
#14 34.14 [670/948] Compiling aesv8-gcm-armv8-apple.S
#14 34.14 [671/948] Compiling aesv8-gcm-armv8-linux.S
#14 34.15 [672/948] Compiling aesni-x86_64-linux.S
#14 34.15 [673/948] Compiling aesv8-armv8-apple.S
#14 34.15 [674/948] Compiling aesv8-armv7-linux.S
#14 34.16 [675/948] Compiling aesv8-armv8-linux.S
#14 34.16 [676/948] Compiling aesni-x86-linux.S
#14 34.16 [677/948] Compiling aesni-x86_64-apple.S
#14 34.17 [678/948] Compiling aesni-x86-apple.S
#14 34.18 [679/948] Compiling aes-gcm-avx512-x86_64-linux.S
#14 34.18 [679/948] Compiling aesni-gcm-x86_64-linux.S
#14 34.18 [681/948] Compiling aesni-gcm-x86_64-apple.S
#14 34.19 [682/948] Compiling aes-gcm-avx2-x86_64-linux.S
#14 34.19 [683/948] Compiling aes-gcm-avx2-x86_64-apple.S
#14 34.20 [683/948] Compiling c-atomics.c
#14 34.20 [685/948] Compiling aes-gcm-avx512-x86_64-apple.S
#14 34.39 [686/949] Compiling xwing.cc
#14 34.52 [687/949] Compiling x_spki.cc
#14 34.57 [688/949] Compiling x_sig.cc
#14 34.61 [689/949] Compiling x_pubkey.cc
#14 34.65 [690/949] Compiling x_x509a.cc
#14 34.67 [691/949] Compiling x_req.cc
#14 34.69 [692/949] Compiling x_x509.cc
#14 34.77 [693/949] Compiling x_name.cc
#14 34.88 [694/949] Compiling x_exten.cc
#14 34.97 [695/949] Compiling x_attrib.cc
#14 34.99 [696/949] Compiling x_crl.cc
#14 35.12 [697/949] Compiling x509spki.cc
#14 35.16 [698/949] Compiling x_algor.cc
#14 35.17 [699/949] Compiling x509rset.cc
#14 35.18 [700/949] Compiling x_all.cc
#14 35.29 [701/949] Compiling x509name.cc
#14 35.36 [703/949] Compiling NIOConcurrencyHelpers NIOAtomic.swift
#14 35.38 [703/949] Compiling x509cset.cc
#14 35.49 [704/950] Compiling x509_txt.cc
#14 35.50 [705/950] Compiling x509_vpm.cc
#14 35.60 [706/950] Compiling x509_trs.cc
#14 35.63 [707/950] Compiling x509_v3.cc
#14 35.67 [708/950] Compiling x509_set.cc
#14 35.73 [709/950] Compiling x509_vfy.cc
#14 35.77 [710/950] Compiling x509_req.cc
#14 35.85 [711/950] Compiling x509_obj.cc
#14 35.98 [712/950] Compiling x509_d2.cc
#14 35.98 [713/950] Compiling x509_def.cc
#14 35.99 [714/950] Compiling x509_lu.cc
#14 36.04 [715/950] Compiling x509_ext.cc
#14 36.13 [716/950] Compiling x509_att.cc
#14 36.17 [717/950] Compiling x509.cc
#14 36.19 [718/950] Compiling x509_cmp.cc
#14 36.38 [719/950] Compiling v3_skey.cc
#14 36.47 [720/950] Compiling v3_purp.cc
#14 36.48 [721/950] Compiling v3_utl.cc
#14 36.48 [722/950] Compiling v3_prn.cc
#14 36.50 [723/950] Compiling v3_pmaps.cc
#14 36.53 [724/950] Compiling v3_pcons.cc
#14 36.56 [725/950] Compiling v3_ocsp.cc
#14 36.80 [726/950] Compiling v3_int.cc
#14 36.85 [727/950] Compiling v3_ia5.cc
#14 36.88 [728/950] Compiling v3_genn.cc
#14 36.88 [729/950] Compiling v3_ncons.cc
#14 36.90 [730/950] Compiling v3_lib.cc
#14 36.95 [731/950] Compiling v3_info.cc
#14 36.96 [732/950] Compiling v3_extku.cc
#14 37.14 [733/950] Compiling v3_enum.cc
#14 37.24 [734/950] Compiling v3_crld.cc
#14 37.25 [735/950] Compiling v3_cpols.cc
#14 37.29 [736/950] Compiling v3_bitst.cc
#14 37.35 [737/950] Compiling v3_conf.cc
#14 37.40 [738/950] Compiling v3_bcons.cc
#14 37.44 [739/950] Compiling v3_alt.cc
#14 37.49 [740/950] Compiling v3_akeya.cc
#14 37.60 [741/950] Compiling v3_akey.cc
#14 37.62 [742/950] Compiling t_x509a.cc
#14 37.80 [743/950] Compiling t_x509.cc
#14 37.86 [744/950] Compiling t_crl.cc
#14 37.86 [745/950] Compiling t_req.cc
#14 37.97 [746/950] Compiling rsa_pss.cc
#14 38.00 [747/950] Compiling i2d_pr.cc
#14 38.04 [748/950] Compiling policy.cc
#14 38.08 [749/950] Compiling name_print.cc
#14 38.22 [751/950] Compiling ConsoleKitTerminal ActivityBar.swift
#14 38.26 [751/950] Compiling by_file.cc
#14 38.29 [752/950] Compiling asn1_gen.cc
#14 38.36 [753/951] Compiling by_dir.cc
#14 38.40 [754/951] Compiling a_verify.cc
#14 38.40 [755/951] Compiling algorithm.cc
#14 38.42 [756/951] Compiling a_digest.cc
#14 38.43 [757/951] Compiling a_sign.cc
#14 38.49 [758/951] Compiling bcm.cc
#14 38.52 [759/951] Compiling thread_win.cc
#14 38.55 [760/951] Compiling thread.cc
#14 38.59 [761/951] Compiling thread_pthread.cc
#14 38.60 [762/951] Compiling thread_none.cc
#14 38.68 [763/951] Compiling trust_token.cc
#14 38.68 [764/951] Compiling voprf.cc
#14 38.71 [765/951] Compiling stack.cc
#14 38.74 [766/951] Compiling siphash.cc
#14 38.77 [767/951] Compiling slhdsa.cc
#14 38.77 [768/951] Compiling sha512.cc
#14 38.81 [769/951] Compiling sha256.cc
#14 38.81 [770/951] Compiling sha1.cc
#14 38.82 [771/951] Compiling spake2plus.cc
#14 38.88 [772/951] Compiling pmbtoken.cc
#14 38.89 [773/951] Compiling rsa_print.cc
#14 38.91 [774/951] Compiling rsa_extra.cc
#14 38.94 [775/951] Compiling refcount.cc
#14 38.96 [776/951] Compiling rc4.cc
#14 38.96 [776/951] Compiling windows.cc
#14 38.99 [778/951] Compiling rsa_crypt.cc
#14 39.02 [779/951] Compiling trusty.cc
#14 39.07 [780/951] Compiling ios.cc
#14 39.08 [781/951] Compiling urandom.cc
#14 39.09 [782/951] Compiling passive.cc
#14 39.09 [783/951] Compiling getentropy.cc
#14 39.09 [783/951] Compiling rand.cc
#14 39.11 [785/951] Compiling poly1305_arm_asm.S
#14 39.13 [786/951] Compiling forkunsafe.cc
#14 39.19 [787/951] Compiling deterministic.cc
#14 39.19 [788/951] Compiling fork_detect.cc
#14 39.20 [789/951] Compiling rsa_asn1.cc
#14 39.22 [790/951] Compiling poly1305_vec.cc
#14 39.26 [791/951] Compiling poly1305_arm.cc
#14 39.32 [792/951] Compiling poly1305.cc
#14 39.40 [793/951] Compiling pool.cc
#14 39.47 [794/951] Compiling pkcs7.cc
#14 39.57 [795/951] Compiling pkcs8.cc
#14 39.58 [796/951] Compiling p5_pbev2.cc
#14 39.58 [797/951] Compiling pkcs8_x509.cc
#14 39.66 [798/951] Compiling pem_xaux.cc
#14 39.68 [799/951] Compiling pkcs7_x509.cc
#14 39.75 [800/951] Compiling pem_x509.cc
#14 39.76 [801/951] Compiling VaporCSQLite sqlite_nio_sqlite3.c
#14 39.80 [802/951] Compiling pem_pkey.cc
#14 39.82 [803/951] Compiling pem_pk8.cc
#14 39.88 [804/951] Compiling pem_oth.cc
#14 39.93 [805/951] Compiling pem_info.cc
#14 39.94 [806/951] Compiling mlkem.cc
#14 39.95 [807/951] Compiling mldsa.cc
#14 39.96 [808/951] Compiling obj_xref.cc
#14 40.01 [809/951] Compiling pem_lib.cc
#14 40.02 [810/951] Compiling mem.cc
#14 40.03 [811/951] Compiling poly_rq_mul.S
#14 40.11 [812/951] Compiling lhash.cc
#14 40.12 [813/951] Compiling pem_all.cc
#14 40.13 [814/951] Compiling fips_shared_support.cc
#14 40.16 [815/951] Compiling fuzzer_mode.cc
#14 40.18 [816/951] Compiling md5.cc
#14 40.19 [817/951] Compiling md4.cc
#14 40.20 [818/951] Compiling obj.cc
#14 40.32 [819/951] Compiling ex_data.cc
#14 40.36 [820/951] Compiling hpke.cc
#14 40.37 [821/951] Compiling scrypt.cc
#14 40.39 [822/951] Compiling print.cc
#14 40.39 [823/951] Compiling pbkdf.cc
#14 40.41 [824/951] Compiling sign.cc
#14 40.53 [825/951] Compiling kyber.cc
#14 40.61 [826/951] Compiling p_x25519_asn1.cc
#14 40.62 [827/951] Compiling p_x25519.cc
#14 40.64 [828/951] Compiling p_ed25519_asn1.cc
#14 40.65 [829/951] Compiling p_rsa_asn1.cc
#14 40.71 [830/951] Compiling p_hkdf.cc
#14 40.73 [831/951] Compiling p_rsa.cc
#14 40.77 [832/951] Compiling hrss.cc
#14 40.82 [833/951] Compiling p_ed25519.cc
#14 40.89 [834/951] Compiling p_ec.cc
#14 40.90 [835/951] Compiling p_dh_asn1.cc
#14 40.92 [836/951] Compiling p_dsa_asn1.cc
#14 40.96 [837/951] Compiling p_ec_asn1.cc
#14 41.01 [838/951] Compiling evp_ctx.cc
#14 41.03 [839/951] Compiling p_dh.cc
#14 41.05 [840/951] Compiling engine.cc
#14 41.07 [841/951] Compiling ecdsa_p1363.cc
#14 41.12 [842/951] Compiling err.cc
#14 41.14 [843/951] Compiling evp.cc
#14 41.16 [844/951] Compiling ecdh.cc
#14 41.20 [845/951] Compiling evp_asn1.cc
#14 41.24 [846/951] Compiling ec_derive.cc
#14 41.38 [847/951] Compiling ecdsa_asn1.cc
#14 41.42 [848/951] Compiling digest_extra.cc
#14 41.43 [849/951] Compiling ec_asn1.cc
#14 41.45 [850/951] Compiling hash_to_curve.cc
#14 41.45 [851/951] Compiling dsa_asn1.cc
#14 41.46 [852/951] Compiling x25519-asm-arm.S
#14 41.48 [853/951] Compiling dsa.cc
#14 41.51 [854/951] Compiling dh_asn1.cc
#14 41.52 [855/951] Compiling params.cc
#14 41.55 [856/951] Compiling curve25519_64_adx.cc
#14 41.60 [857/951] Compiling cpu_intel.cc
#14 41.62 [858/951] Compiling crypto.cc
#14 41.63 [859/951] Compiling cpu_arm_linux.cc
#14 41.68 [860/951] Compiling cpu_aarch64_win.cc
#14 41.70 [861/951] Compiling cpu_arm_freebsd.cc
#14 41.73 [862/951] Compiling spake25519.cc
#14 41.74 [863/951] Compiling cpu_aarch64_openbsd.cc
#14 41.76 [864/951] Compiling cpu_aarch64_sysreg.cc
#14 41.76 [865/951] Compiling cpu_aarch64_linux.cc
#14 41.81 [866/951] Compiling des.cc
#14 41.81 [867/951] Compiling cpu_aarch64_fuchsia.cc
#14 41.87 [868/951] Compiling cpu_aarch64_apple.cc
#14 41.91 [869/951] Compiling get_cipher.cc
#14 41.96 [870/951] Compiling conf.cc
#14 41.96 [871/951] Compiling e_rc4.cc
#14 42.02 [872/951] Compiling tls_cbc.cc
#14 42.05 [873/951] Compiling e_tls.cc
#14 42.09 [874/951] Compiling e_rc2.cc
#14 42.10 [875/951] Compiling e_aesgcmsiv.cc
#14 42.11 [876/951] Compiling cms.cc
#14 42.12 [877/951] Compiling e_aesctrhmac.cc
#14 42.12 [878/951] Compiling e_aeseax.cc
#14 42.19 [879/951] Compiling derive_key.cc
#14 42.22 [880/951] Compiling curve25519.cc
#14 42.26 [881/951] Compiling chacha.cc
#14 42.36 [882/951] Compiling buf.cc
#14 42.36 [883/951] Compiling asn1_compat.cc
#14 42.36 [884/951] Compiling ber.cc
#14 42.37 [885/951] Compiling sqrt.cc
#14 42.42 [886/951] Compiling unicode.cc
#14 42.43 [887/951] Compiling cbb.cc
#14 42.45 [888/951] Compiling cbs.cc
#14 42.49 [889/951] Compiling exponentiation.cc
#14 42.56 [890/951] Compiling div.cc
#14 42.57 [891/951] Compiling bn_asn1.cc
#14 42.58 [892/951] Compiling printf.cc
#14 42.61 [893/951] Compiling hexdump.cc
#14 42.61 [894/951] Compiling pair.cc
#14 42.63 [895/951] Compiling blake2.cc
#14 42.67 [896/951] Compiling convert.cc
#14 42.69 [897/951] Compiling file.cc
#14 42.73 [898/951] Compiling errno.cc
#14 42.78 [899/951] Compiling bio_mem.cc
#14 42.79 [900/951] Compiling fd.cc
#14 42.81 [901/951] Compiling base64.cc
#14 42.83 [902/951] Compiling tasn_typ.cc
#14 42.86 [903/951] Compiling bio.cc
#14 42.89 [904/951] Compiling tasn_fre.cc
#14 42.97 [905/951] Compiling f_string.cc
#14 42.99 [906/951] Compiling posix_time.cc
#14 43.00 [907/951] Compiling tasn_utl.cc
#14 43.00 [908/951] Compiling f_int.cc
#14 43.01 [909/951] Compiling tasn_enc.cc
#14 43.01 [909/951] Compiling tasn_new.cc
#14 43.03 [911/951] Compiling asn_pack.cc
#14 43.13 [912/951] Compiling asn1_par.cc
#14 43.17 [913/951] Compiling tasn_dec.cc
#14 43.27 [914/951] Compiling a_octet.cc
#14 43.30 [915/951] Compiling a_type.cc
#14 43.33 [916/951] Compiling a_strex.cc
#14 43.33 [917/951] Compiling asn1_lib.cc
#14 43.34 [918/951] Compiling a_utctm.cc
#14 43.34 [919/951] Compiling a_time.cc
#14 43.34 [920/951] Write sources
#14 43.34 [932/951] Copying index.leaf
#14 43.35 [933/951] Copying revoke_account_key_safe.cdc
#14 43.36 [934/951] Compiling CAsyncHTTPClient CAsyncHTTPClient.c
#14 43.44 [935/954] Compiling a_strnid.cc
#14 43.46 [936/954] Compiling aes.cc
#14 43.52 [937/956] Compiling a_bool.cc
#14 43.54 [938/956] Compiling a_object.cc
#14 43.54 [939/956] Copying add_account_key.cdc
#14 43.55 [940/956] Copying Info.plist
#14 43.55 [941/956] Write sources
#14 43.57 [946/957] Compiling a_bitstr.cc
#14 44.23 [948/957] Compiling AetherSharedCore AetherSharedCore.swift
#14 45.00 [949/958] Compiling ConsoleKitCommands AnyAsyncCommand.swift
#14 45.07 [950/959] Compiling ConsoleKit Exports.swift
#14 46.31 [951/959] Compiling BitCollections BinaryInteger extensions.swift
#14 46.52 [952/960] Compiling Atomics OptionalRawRepresentable.swift
#14 46.54 [953/960] Compiling Collections BitCollections reexports.swift
#14 47.08 [954/962] Compiling Algorithms AdjacentPairs.swift
#14 47.46 [955/962] Compiling BigInt Addition.swift
#14 48.35 [956/963] Compiling AetherSharedIdentity AetherSharedIdentity.swift
#14 48.60 [957/965] Compiling AetherSharedTestSupport AetherSharedTestSupport.swift
#14 48.93 [958/965] Compiling AetherSharedProtocols AetherSharedProtocols.swift
#14 50.73 [959/965] Compiling _ConnectionPoolModule ConnectionIDGenerator.swift
#14 50.94 [960/965] Compiling AsyncAlgorithms AsyncAdjacentPairsSequence.swift
#14 52.87 [961/966] Compiling ServiceLifecycle AsyncCancelOnGracefulShutdownSequence.swift
#14 53.45 [961/966] Compiling bcm.cc
#14 54.70 [963/967] Compiling CryptoBoringWrapper BoringSSLAEAD.swift
#14 58.22 [964/968] Compiling NIOCore AddressedEnvelope.swift
#14 59.04 [965/972] Compiling NIOFoundationEssentialsCompat ByteBuffer-foundation.swift
#14 60.39 [966/972] Compiling Web3Core ContractProtocol.swift
#14 60.39 /build/web3swift-concurrency/Sources/Web3Core/EthereumABI/ABIElements.swift:210:16: warning: 'methodEncoding' is deprecated: Please, use 'selectorEncoded' property instead. [#DeprecatedDeclaration]
#14 60.39 208 |         guard parameters.count == inputs.count,
#14 60.39 209 |               let data = ABIEncoder.encode(types: inputs, values: parameters) else { return nil }
#14 60.39 210 |         return methodEncoding + data
#14 60.39     |                |- warning: 'methodEncoding' is deprecated: Please, use 'selectorEncoded' property instead. [#DeprecatedDeclaration]
#14 60.39     |                `- note: use 'selectorEncoded' instead
#14 60.39 211 |     }
#14 60.39 212 | }
#14 60.39 
#14 60.39 /build/web3swift-concurrency/Sources/Web3Core/EthereumABI/ABIElements.swift:375:68: warning: 'methodEncoding' is deprecated: Please, use 'selectorEncoded' property instead. [#DeprecatedDeclaration]
#14 60.39 373 | extension ABI.Element.Function {
#14 60.39 374 |     public func decodeInputData(_ rawData: Data) -> [String: Any]? {
#14 60.39 375 |         return ABIDecoder.decodeInputData(rawData, methodEncoding: methodEncoding, inputs: inputs)
#14 60.39     |                                                                    |- warning: 'methodEncoding' is deprecated: Please, use 'selectorEncoded' property instead. [#DeprecatedDeclaration]
#14 60.39     |                                                                    `- note: use 'selectorEncoded' instead
#14 60.39 376 |     }
#14 60.39 377 | 
#14 60.39 
#14 60.39 /build/web3swift-concurrency/Sources/Web3Core/EthereumABI/ABIEncoding.swift:468:45: warning: expression implicitly coerced from 'Data?' to 'Any'
#14 60.39 466 |             return Data(v ? [0b1] : [0b0])
#14 60.39 467 |         } else if let v = value as? Int {
#14 60.39 468 |             return ABIEncoder.convertToData(BigInt(exactly: v)?.abiEncode(bits: 256)!)!
#14 60.39     |                                             |                                       |- note: provide a default value to avoid this warning
#14 60.39     |                                             |                                       |- note: force-unwrap the value to avoid this warning
#14 60.39     |                                             |                                       `- note: explicitly cast to 'Any' with 'as Any' to silence this warning
#14 60.39     |                                             `- warning: expression implicitly coerced from 'Data?' to 'Any'
#14 60.39 469 |         } else if let v = value as? Int8 {
#14 60.39 470 |             return ABIEncoder.convertToData(BigInt(exactly: v)?.abiEncode(bits: 8))!
#14 60.39 
#14 60.39 /build/web3swift-concurrency/Sources/Web3Core/EthereumABI/ABIEncoding.swift:470:45: warning: expression implicitly coerced from 'Data?' to 'Any'
#14 60.39 468 |             return ABIEncoder.convertToData(BigInt(exactly: v)?.abiEncode(bits: 256)!)!
#14 60.39 469 |         } else if let v = value as? Int8 {
#14 60.39 470 |             return ABIEncoder.convertToData(BigInt(exactly: v)?.abiEncode(bits: 8))!
#14 60.39     |                                             |                   |- note: provide a default value to avoid this warning
#14 60.39     |                                             |                   |- note: force-unwrap the value to avoid this warning
#14 60.39     |                                             |                   `- note: explicitly cast to 'Any' with 'as Any' to silence this warning
#14 60.39     |                                             `- warning: expression implicitly coerced from 'Data?' to 'Any'
#14 60.39 471 |         } else if let v = value as? Int16 {
#14 60.39 472 |             return ABIEncoder.convertToData(BigInt(exactly: v)?.abiEncode(bits: 16)!)!
#14 60.39 
#14 60.39 /build/web3swift-concurrency/Sources/Web3Core/EthereumABI/ABIEncoding.swift:472:45: warning: expression implicitly coerced from 'Data?' to 'Any'
#14 60.39 470 |             return ABIEncoder.convertToData(BigInt(exactly: v)?.abiEncode(bits: 8))!
#14 60.39 471 |         } else if let v = value as? Int16 {
#14 60.39 472 |             return ABIEncoder.convertToData(BigInt(exactly: v)?.abiEncode(bits: 16)!)!
#14 60.39     |                                             |                                      |- note: provide a default value to avoid this warning
#14 60.39     |                                             |                                      |- note: force-unwrap the value to avoid this warning
#14 60.39     |                                             |                                      `- note: explicitly cast to 'Any' with 'as Any' to silence this warning
#14 60.39     |                                             `- warning: expression implicitly coerced from 'Data?' to 'Any'
#14 60.39 473 |         } else if let v = value as? Int32 {
#14 60.39 474 |             return ABIEncoder.convertToData(BigInt(exactly: v)?.abiEncode(bits: 32)!)!
#14 60.39 
#14 60.39 /build/web3swift-concurrency/Sources/Web3Core/EthereumABI/ABIEncoding.swift:474:45: warning: expression implicitly coerced from 'Data?' to 'Any'
#14 60.39 472 |             return ABIEncoder.convertToData(BigInt(exactly: v)?.abiEncode(bits: 16)!)!
#14 60.39 473 |         } else if let v = value as? Int32 {
#14 60.39 474 |             return ABIEncoder.convertToData(BigInt(exactly: v)?.abiEncode(bits: 32)!)!
#14 60.39     |                                             |                                      |- note: provide a default value to avoid this warning
#14 60.39     |                                             |                                      |- note: force-unwrap the value to avoid this warning
#14 60.39     |                                             |                                      `- note: explicitly cast to 'Any' with 'as Any' to silence this warning
#14 60.39     |                                             `- warning: expression implicitly coerced from 'Data?' to 'Any'
#14 60.39 475 |         } else if let v = value as? Int64 {
#14 60.39 476 |             return ABIEncoder.convertToData(BigInt(exactly: v)?.abiEncode(bits: 64)!)!
#14 60.39 
#14 60.39 /build/web3swift-concurrency/Sources/Web3Core/EthereumABI/ABIEncoding.swift:476:45: warning: expression implicitly coerced from 'Data?' to 'Any'
#14 60.39 474 |             return ABIEncoder.convertToData(BigInt(exactly: v)?.abiEncode(bits: 32)!)!
#14 60.39 475 |         } else if let v = value as? Int64 {
#14 60.39 476 |             return ABIEncoder.convertToData(BigInt(exactly: v)?.abiEncode(bits: 64)!)!
#14 60.39     |                                             |                                      |- note: provide a default value to avoid this warning
#14 60.39     |                                             |                                      |- note: force-unwrap the value to avoid this warning
#14 60.39     |                                             |                                      `- note: explicitly cast to 'Any' with 'as Any' to silence this warning
#14 60.39     |                                             `- warning: expression implicitly coerced from 'Data?' to 'Any'
#14 60.39 477 |         } else if let v = value as? UInt {
#14 60.39 478 |             return ABIEncoder.convertToData(BigUInt(exactly: v)?.abiEncode(bits: 256)!)!
#14 60.39 
#14 60.39 /build/web3swift-concurrency/Sources/Web3Core/EthereumABI/ABIEncoding.swift:478:45: warning: expression implicitly coerced from 'Data?' to 'Any'
#14 60.39 476 |             return ABIEncoder.convertToData(BigInt(exactly: v)?.abiEncode(bits: 64)!)!
#14 60.39 477 |         } else if let v = value as? UInt {
#14 60.39 478 |             return ABIEncoder.convertToData(BigUInt(exactly: v)?.abiEncode(bits: 256)!)!
#14 60.39     |                                             |                                        |- note: provide a default value to avoid this warning
#14 60.39     |                                             |                                        |- note: force-unwrap the value to avoid this warning
#14 60.39     |                                             |                                        `- note: explicitly cast to 'Any' with 'as Any' to silence this warning
#14 60.39     |                                             `- warning: expression implicitly coerced from 'Data?' to 'Any'
#14 60.39 479 |         } else if let v = value as? UInt8 {
#14 60.39 480 |             return ABIEncoder.convertToData(BigUInt(exactly: v)?.abiEncode(bits: 8)!)!
#14 60.39 
#14 60.39 /build/web3swift-concurrency/Sources/Web3Core/EthereumABI/ABIEncoding.swift:480:45: warning: expression implicitly coerced from 'Data?' to 'Any'
#14 60.39 478 |             return ABIEncoder.convertToData(BigUInt(exactly: v)?.abiEncode(bits: 256)!)!
#14 60.39 479 |         } else if let v = value as? UInt8 {
#14 60.39 480 |             return ABIEncoder.convertToData(BigUInt(exactly: v)?.abiEncode(bits: 8)!)!
#14 60.39     |                                             |                                      |- note: provide a default value to avoid this warning
#14 60.39     |                                             |                                      |- note: force-unwrap the value to avoid this warning
#14 60.39     |                                             |                                      `- note: explicitly cast to 'Any' with 'as Any' to silence this warning
#14 60.39     |                                             `- warning: expression implicitly coerced from 'Data?' to 'Any'
#14 60.39 481 |         } else if let v = value as? UInt16 {
#14 60.39 482 |             return ABIEncoder.convertToData(BigUInt(exactly: v)?.abiEncode(bits: 16)!)!
#14 60.39 
#14 60.39 /build/web3swift-concurrency/Sources/Web3Core/EthereumABI/ABIEncoding.swift:482:45: warning: expression implicitly coerced from 'Data?' to 'Any'
#14 60.39 480 |             return ABIEncoder.convertToData(BigUInt(exactly: v)?.abiEncode(bits: 8)!)!
#14 60.39 481 |         } else if let v = value as? UInt16 {
#14 60.39 482 |             return ABIEncoder.convertToData(BigUInt(exactly: v)?.abiEncode(bits: 16)!)!
#14 60.39     |                                             |                                       |- note: provide a default value to avoid this warning
#14 60.39     |                                             |                                       |- note: force-unwrap the value to avoid this warning
#14 60.39     |                                             |                                       `- note: explicitly cast to 'Any' with 'as Any' to silence this warning
#14 60.39     |                                             `- warning: expression implicitly coerced from 'Data?' to 'Any'
#14 60.39 483 |         } else if let v = value as? UInt32 {
#14 60.39 484 |             return ABIEncoder.convertToData(BigUInt(exactly: v)?.abiEncode(bits: 32)!)!
#14 60.39 
#14 60.39 /build/web3swift-concurrency/Sources/Web3Core/EthereumABI/ABIEncoding.swift:484:45: warning: expression implicitly coerced from 'Data?' to 'Any'
#14 60.39 482 |             return ABIEncoder.convertToData(BigUInt(exactly: v)?.abiEncode(bits: 16)!)!
#14 60.39 483 |         } else if let v = value as? UInt32 {
#14 60.39 484 |             return ABIEncoder.convertToData(BigUInt(exactly: v)?.abiEncode(bits: 32)!)!
#14 60.39     |                                             |                                       |- note: provide a default value to avoid this warning
#14 60.39     |                                             |                                       |- note: force-unwrap the value to avoid this warning
#14 60.39     |                                             |                                       `- note: explicitly cast to 'Any' with 'as Any' to silence this warning
#14 60.39     |                                             `- warning: expression implicitly coerced from 'Data?' to 'Any'
#14 60.39 485 |         } else if let v = value as? UInt64 {
#14 60.39 486 |             return ABIEncoder.convertToData(BigUInt(exactly: v)?.abiEncode(bits: 64)!)!
#14 60.39 
#14 60.39 /build/web3swift-concurrency/Sources/Web3Core/EthereumABI/ABIEncoding.swift:486:45: warning: expression implicitly coerced from 'Data?' to 'Any'
#14 60.39 484 |             return ABIEncoder.convertToData(BigUInt(exactly: v)?.abiEncode(bits: 32)!)!
#14 60.39 485 |         } else if let v = value as? UInt64 {
#14 60.39 486 |             return ABIEncoder.convertToData(BigUInt(exactly: v)?.abiEncode(bits: 64)!)!
#14 60.39     |                                             |                                       |- note: provide a default value to avoid this warning
#14 60.39     |                                             |                                       |- note: force-unwrap the value to avoid this warning
#14 60.39     |                                             |                                       `- note: explicitly cast to 'Any' with 'as Any' to silence this warning
#14 60.39     |                                             `- warning: expression implicitly coerced from 'Data?' to 'Any'
#14 60.39 487 |         } else if let data = ABIEncoder.convertToData(value) {
#14 60.39 488 |             return data
#14 60.39 
#14 60.39 /build/web3swift-concurrency/Sources/Web3Core/EthereumABI/Sequence+ABIExtension.swift:31:37: warning: 'methodString' is deprecated: Please, use 'selector' property instead. [#DeprecatedDeclaration]
#14 60.40 29 |             appendFunction(function.name!, function)
#14 60.40 30 |             appendFunction(function.signature, function)
#14 60.40 31 |             appendFunction(function.methodString.addHexPrefix().lowercased(), function)
#14 60.40    |                                     |- warning: 'methodString' is deprecated: Please, use 'selector' property instead. [#DeprecatedDeclaration]
#14 60.40    |                                     `- note: use 'selector' instead
#14 60.40 32 | 
#14 60.40 33 |             /// ABI cannot have two functions with exactly the same name and input arguments
#14 60.40 
#14 60.40 /build/web3swift-concurrency/Sources/Web3Core/EthereumABI/Sequence+ABIExtension.swift:60:26: warning: 'methodString' is deprecated: Please, use 'selector' property instead. [#DeprecatedDeclaration]
#14 60.40 58 |             errors[error.name] = error
#14 60.40 59 |             errors[error.signature] = error
#14 60.40 60 |             errors[error.methodString.addHexPrefix().lowercased()] = error
#14 60.40    |                          |- warning: 'methodString' is deprecated: Please, use 'selector' property instead. [#DeprecatedDeclaration]
#14 60.40    |                          `- note: use 'selector' instead
#14 60.40 61 |         }
#14 60.40 62 |         return errors
#14 60.40 
#14 60.40 [#DeprecatedDeclaration]: <https://docs.swift.org/compiler/documentation/diagnostics/deprecated-declaration>
#14 60.82 [967/973] Compiling NIOEmbedded AsyncTestingChannel.swift
#14 63.36 [968/973] Compiling Crypto AES-GCM.swift
#14 63.52 [969/976] Compiling SQLKit SQLAlterEnumBuilder.swift
#14 68.75 [970/976] Compiling APNSCore APNSAuthenticationTokenManager.swift
#14 69.38 [971/976] Compiling web3swift Bridge.swift
#14 70.82 [972/976] Compiling CryptoExtras AES_CBC.swift
#14 70.88 [973/977] Compiling _CryptoExtras Exports.swift
#14 72.37 [974/978] Compiling NIOPosix BSDSocketAPICommon.swift
#14 72.44 [975/982] Compiling NIO Exports.swift
#14 72.85 [976/987] Compiling NIOFoundationCompat Exports.swift
#14 73.67 [977/987] Compiling NIOTLS ApplicationProtocolNegotiationHandler.swift
#14 73.96 [978/989] Compiling NIOSOCKS SOCKSClientHandler.swift
#14 74.32 [979/989] Compiling NIOTransportServices AcceptHandler.swift
#14 75.41 [980/989] Compiling SQLiteNIO Exports.swift
#14 78.90 [981/989] Compiling NIOHTTP1 ByteCollectionUtils.swift
#14 81.49 [982/993] Compiling NIOSSL AndroidCABundle.swift
#14 81.78 [983/994] Compiling NIOHTTPCompression HTTPCompression.swift
#14 81.80 [984/994] Compiling _NIOFileSystem Array+FileSystem.swift
#14 82.17 [985/996] Compiling _NIOFileSystemFoundationCompat Data+FileSystem.swift
#14 82.80 [986/997] Compiling AsyncKit ConnectionPoolError.swift
#14 82.95 [987/998] Compiling NIOFileSystem Exports.swift
#14 83.34 [988/999] Compiling FluentKit AsyncMigration.swift
#14 83.35 [989/999] Compiling NIOWebSocket NIOWebSocketClientUpgrader.swift
#14 84.16 [990/1001] Compiling NIOExtras DebugInboundEventsHandler.swift
#14 85.21 [991/1002] Compiling Flow FlowAccessActor.swift
#14 85.21 /build/AetherAG/.build/checkouts/flow-swift-macos/Sources/Cadence/Cadence+Child.swift:9:8: error: no such module 'SwiftUI'
#14 85.21  7 | 	//  Edited for Swift 6 concurrency & actors by Nicholas Reich on 2026-03-19.
#14 85.21  8 | 
#14 85.21  9 | import SwiftUI
#14 85.21    |        `- error: no such module 'SwiftUI'
#14 85.21 10 | 
#14 85.21 11 | extension CadenceLoader.Category {
#14 85.22 [992/1002] Compiling SQLiteKit Exports.swift
#14 ERROR: process "/bin/sh -c swift build -c release --product AetherAGMailServerRun" did not complete successfully: exit code: 1
------
 > [build 7/7] RUN --mount=type=cache,target=/root/.cache/org.swift.swiftpm     --mount=type=cache,target=/build/AetherAG/.build     swift build -c release --product AetherAGMailServerRun:
84.16 [990/1001] Compiling NIOExtras DebugInboundEventsHandler.swift
85.21 [991/1002] Compiling Flow FlowAccessActor.swift
85.21 /build/AetherAG/.build/checkouts/flow-swift-macos/Sources/Cadence/Cadence+Child.swift:9:8: error: no such module 'SwiftUI'
85.21  7 | 	//  Edited for Swift 6 concurrency & actors by Nicholas Reich on 2026-03-19.
85.21  8 | 
85.21  9 | import SwiftUI
85.21    |        `- error: no such module 'SwiftUI'
85.21 10 | 
85.21 11 | extension CadenceLoader.Category {
85.22 [992/1002] Compiling SQLiteKit Exports.swift
------
Dockerfile:13
--------------------
  12 |         done
  13 | >>> RUN --mount=type=cache,target=/root/.cache/org.swift.swiftpm \
  14 | >>>     --mount=type=cache,target=/build/AetherAG/.build \
  15 | >>>     swift build -c release --product AetherAGMailServerRun
  16 |     
--------------------
ERROR: failed to build: failed to solve: process "/bin/sh -c swift build -c release --product AetherAGMailServerRun" did not complete successfully: exit code: 1
