#0 building with "desktop-linux" instance using docker driver

#1 [internal] load build definition from Dockerfile
#1 transferring dockerfile: 1.06kB done
#1 DONE 0.0s

#2 [internal] load metadata for docker.io/library/swift:6.2-jammy
#2 DONE 0.0s

#3 [internal] load metadata for docker.io/library/swift:6.2-jammy-slim
#3 DONE 0.6s

#4 [internal] load .dockerignore
#4 transferring context: 161B done
#4 DONE 0.0s

#5 [build 1/7] FROM docker.io/library/swift:6.2-jammy@sha256:af60747ab483a0dbaa6362202c7bb08efec27bc69324e942f2bc8296f2d2d3f9
#5 resolve docker.io/library/swift:6.2-jammy@sha256:af60747ab483a0dbaa6362202c7bb08efec27bc69324e942f2bc8296f2d2d3f9 0.0s done
#5 DONE 0.0s

#6 [stage-1 1/5] FROM docker.io/library/swift:6.2-jammy-slim@sha256:e1302155d4dfac2ce81623022b7793df0c154b3e98cd527174c3a61f06413f03
#6 resolve docker.io/library/swift:6.2-jammy-slim@sha256:e1302155d4dfac2ce81623022b7793df0c154b3e98cd527174c3a61f06413f03 done
#6 DONE 0.0s

#7 [internal] load build context
#7 transferring context: 893.45kB 0.4s done
#7 DONE 0.4s

#8 [build 2/7] WORKDIR /build
#8 CACHED

#9 [build 3/7] COPY . .
#9 CACHED

#10 [build 4/7] WORKDIR /build/AetherAG
#10 CACHED

#11 [build 5/7] RUN git config --global http.lowSpeedLimit 0 &&     git config --global http.lowSpeedTime 999999 &&     git config --global http.postBuffer 524288000
#11 CACHED

#12 [build 6/7] RUN --mount=type=cache,target=/root/.cache/org.swift.swiftpm     --mount=type=cache,target=/build/AetherAG/.build     for i in 1 2 3; do         swift package resolve && break || { echo "Resolve attempt $i failed, retrying in 10s..."; sleep 10; };     done
#12 CACHED

#13 [build 7/7] RUN --mount=type=cache,target=/root/.cache/org.swift.swiftpm     --mount=type=cache,target=/build/AetherAG/.build     swift build -c release --product AetherAGMailServerRun
#13 0.469 Building for production...
#13 1.347 [0/3] Write swift-version-24593BA9C3E375BF.txt
#13 2.638 [2/13] Compiling Flow FlowAccessActor.swift
#13 2.638 /build/AetherAG/.build/checkouts/flow-swift-macos/Sources/Cadence/Cadence+Child.swift:9:8: error: no such module 'SwiftUI'
#13 2.638  7 | 	//  Edited for Swift 6 concurrency & actors by Nicholas Reich on 2026-03-19.
#13 2.638  8 | 
#13 2.638  9 | import SwiftUI
#13 2.638    |        `- error: no such module 'SwiftUI'
#13 2.638 10 | 
#13 2.638 11 | extension CadenceLoader.Category {
#13 ERROR: process "/bin/sh -c swift build -c release --product AetherAGMailServerRun" did not complete successfully: exit code: 1
------
 > [build 7/7] RUN --mount=type=cache,target=/root/.cache/org.swift.swiftpm     --mount=type=cache,target=/build/AetherAG/.build     swift build -c release --product AetherAGMailServerRun:
0.469 Building for production...
1.347 [0/3] Write swift-version-24593BA9C3E375BF.txt
2.638 [2/13] Compiling Flow FlowAccessActor.swift
2.638 /build/AetherAG/.build/checkouts/flow-swift-macos/Sources/Cadence/Cadence+Child.swift:9:8: error: no such module 'SwiftUI'
2.638  7 | 	//  Edited for Swift 6 concurrency & actors by Nicholas Reich on 2026-03-19.
2.638  8 | 
2.638  9 | import SwiftUI
2.638    |        `- error: no such module 'SwiftUI'
2.638 10 | 
2.638 11 | extension CadenceLoader.Category {
------
Dockerfile:13
--------------------
  12 |         done
  13 | >>> RUN --mount=type=cache,target=/root/.cache/org.swift.swiftpm \
  14 | >>>     --mount=type=cache,target=/build/AetherAG/.build \
  15 | >>>     swift build -c release --product AetherAGMailServerRun
  16 |     
--------------------
ERROR: failed to build: failed to solve: process "/bin/sh -c swift build -c release --product AetherAGMailServerRun" did not complete successfully: exit code: 1
